Archive member included to satisfy reference by file (symbol)

app/libapp.a(main.c.obj)      (--whole-archive)
app/libapp.a(button_handler.c.obj)
                              (--whole-archive)
app/libapp.a(system.c.obj)    (--whole-archive)
app/libapp.a(at_common.c.obj)
                              (--whole-archive)
app/libapp.a(at_btm.c.obj)    (--whole-archive)
app/libapp.a(at_dsp.c.obj)    (--whole-archive)
app/libapp.a(btm_audio.c.obj)
                              (--whole-archive)
app/libapp.a(dsp_audio.c.obj)
                              (--whole-archive)
app/libapp.a(pmic.c.obj)      (--whole-archive)
app/libapp.a(debug_led.c.obj)
                              (--whole-archive)
app/libapp.a(rgb_led.c.obj)   (--whole-archive)
app/libapp.a(torch_led.c.obj)
                              (--whole-archive)
zephyr/libzephyr.a(heap.c.obj)
                              (--whole-archive)
zephyr/libzephyr.a(cbprintf_packaged.c.obj)
                              (--whole-archive)
zephyr/libzephyr.a(printk.c.obj)
                              (--whole-archive)
zephyr/libzephyr.a(sem.c.obj)
                              (--whole-archive)
zephyr/libzephyr.a(thread_entry.c.obj)
                              (--whole-archive)
zephyr/libzephyr.a(cbprintf_complete.c.obj)
                              (--whole-archive)
zephyr/libzephyr.a(assert.c.obj)
                              (--whole-archive)
zephyr/libzephyr.a(mpsc_pbuf.c.obj)
                              (--whole-archive)
zephyr/libzephyr.a(dec.c.obj)
                              (--whole-archive)
zephyr/libzephyr.a(hex.c.obj)
                              (--whole-archive)
zephyr/libzephyr.a(rb.c.obj)  (--whole-archive)
zephyr/libzephyr.a(timeutil.c.obj)
                              (--whole-archive)
zephyr/libzephyr.a(bitarray.c.obj)
                              (--whole-archive)
zephyr/libzephyr.a(onoff.c.obj)
                              (--whole-archive)
zephyr/libzephyr.a(notify.c.obj)
                              (--whole-archive)
zephyr/libzephyr.a(ring_buffer.c.obj)
                              (--whole-archive)
zephyr/libzephyr.a(last_section_id.c.obj)
                              (--whole-archive)
zephyr/libzephyr.a(configs.c.obj)
                              (--whole-archive)
zephyr/libzephyr.a(log_core.c.obj)
                              (--whole-archive)
zephyr/libzephyr.a(log_mgmt.c.obj)
                              (--whole-archive)
zephyr/libzephyr.a(log_cache.c.obj)
                              (--whole-archive)
zephyr/libzephyr.a(log_msg.c.obj)
                              (--whole-archive)
zephyr/libzephyr.a(log_output.c.obj)
                              (--whole-archive)
zephyr/libzephyr.a(log_backend_uart.c.obj)
                              (--whole-archive)
zephyr/libzephyr.a(mem_attr.c.obj)
                              (--whole-archive)
zephyr/libzephyr.a(tracing_none.c.obj)
                              (--whole-archive)
zephyr/libzephyr.a(kernel_shell.c.obj)
                              (--whole-archive)
zephyr/libzephyr.a(cycles.c.obj)
                              (--whole-archive)
zephyr/libzephyr.a(sleep.c.obj)
                              (--whole-archive)
zephyr/libzephyr.a(uptime.c.obj)
                              (--whole-archive)
zephyr/libzephyr.a(version.c.obj)
                              (--whole-archive)
zephyr/libzephyr.a(log-level.c.obj)
                              (--whole-archive)
zephyr/libzephyr.a(thread.c.obj)
                              (--whole-archive)
zephyr/libzephyr.a(list.c.obj)
                              (--whole-archive)
zephyr/libzephyr.a(stacks.c.obj)
                              (--whole-archive)
zephyr/libzephyr.a(device_service.c.obj)
                              (--whole-archive)
zephyr/libzephyr.a(devmem_service.c.obj)
                              (--whole-archive)
zephyr/libzephyr.a(shell_rtt.c.obj)
                              (--whole-archive)
zephyr/libzephyr.a(shell.c.obj)
                              (--whole-archive)
zephyr/libzephyr.a(shell_fprintf.c.obj)
                              (--whole-archive)
zephyr/libzephyr.a(shell_utils.c.obj)
                              (--whole-archive)
zephyr/libzephyr.a(shell_ops.c.obj)
                              (--whole-archive)
zephyr/libzephyr.a(shell_log_backend.c.obj)
                              (--whole-archive)
zephyr/libzephyr.a(shell_help.c.obj)
                              (--whole-archive)
zephyr/libzephyr.a(shell_history.c.obj)
                              (--whole-archive)
zephyr/libzephyr.a(banner.c.obj)
                              (--whole-archive)
zephyr/libzephyr.a(flash_map_partition_manager.c.obj)
                              (--whole-archive)
zephyr/libzephyr.a(nrf_cc3xx_platform_abort_zephyr.c.obj)
                              (--whole-archive)
zephyr/libzephyr.a(nrf_cc3xx_platform_mutex_zephyr.c.obj)
                              (--whole-archive)
[...]
Memory Configuration

Name             Origin             Length             Attributes
FLASH            0x0000000000000000 0x0000000000100000 xr
RAM              0x0000000020000000 0x0000000000070000 xw
IDT_LIST         0x00000000ffff7fff 0x0000000000008000 xw
*default*        0x0000000000000000 0xffffffffffffffff

Linker script and memory map

                0x0000000000015d60                vfprintf = __l_vfprintf
                0x0000000000000000                vfscanf = __l_vfscanf
LOAD zephyr/CMakeFiles/zephyr_final.dir/misc/empty_file.c.obj
LOAD zephyr/CMakeFiles/zephyr_final.dir/isr_tables.c.obj
LOAD zephyr/CMakeFiles/offsets.dir/./arch/arm/core/offsets/offsets.c.obj
LOAD app/libapp.a
LOAD zephyr/libzephyr.a
LOAD zephyr/arch/common/libarch__common.a
LOAD zephyr/arch/arch/arm/core/libarch__arm__core.a
LOAD zephyr/arch/arch/arm/core/cortex_m/libarch__arm__core__cortex_m.a
LOAD zephyr/arch/arch/arm/core/cortex_m/cmse/libarch__arm__core__cortex_m__cmse.a
LOAD zephyr/arch/arch/arm/core/mpu/libarch__arm__core__mpu.a
LOAD zephyr/lib/libc/picolibc/liblib__libc__picolibc.a
LOAD zephyr/lib/libc/common/liblib__libc__common.a
LOAD zephyr/lib/posix/options/liblib__posix__options.a
LOAD zephyr/lib/net_buf/liblib__net_buf.a
LOAD zephyr/soc/soc/nrf5340/libsoc__nordic.a
LOAD zephyr/subsys/input/libsubsys__input.a
LOAD zephyr/subsys/zbus/libsubsys__zbus.a
LOAD zephyr/drivers/clock_control/libdrivers__clock_control.a
LOAD zephyr/drivers/console/libdrivers__console.a
LOAD zephyr/drivers/gpio/libdrivers__gpio.a
LOAD zephyr/drivers/i2c/libdrivers__i2c.a
LOAD zephyr/drivers/input/libdrivers__input.a
LOAD zephyr/drivers/led/libdrivers__led.a
LOAD zephyr/drivers/led_strip/libdrivers__led_strip.a
LOAD zephyr/drivers/pinctrl/libdrivers__pinctrl.a
LOAD zephyr/drivers/pwm/libdrivers__pwm.a
LOAD zephyr/drivers/serial/libdrivers__serial.a
LOAD zephyr/drivers/spi/libdrivers__spi.a
LOAD zephyr/drivers/timer/libdrivers__timer.a
LOAD modules/nrf/drivers/hw_cc3xx/lib..__nrf__drivers__hw_cc3xx.a
LOAD modules/hal_nordic/modules/hal_nordic/nrfx/libmodules__hal_nordic__nrfx.a
LOAD modules/segger/libmodules__segger.a
LOAD zephyr/kernel/libkernel.a
LOAD zephyr/arch/common/libisr_tables.a
LOAD C:/ncs/v3.0.2/nrfxlib/crypto/nrf_cc312_platform/lib/cortex-m33/soft-float/no-interrupts/libnrf_cc312_platform_0.9.19.a
LOAD c:\ncs\toolchains\0b393f9e1b\opt\zephyr-sdk\arm-zephyr-eabi\bin\../lib/gcc/../../picolibc/arm-zephyr-eabi/lib/thumb/v8-m.main/nofp\libc.a
LOAD c:/ncs/toolchains/0b393f9e1b/opt/zephyr-sdk/arm-zephyr-eabi/bin/../lib/gcc/arm-zephyr-eabi/12.2.0/thumb/v8-m.main/nofp\libgcc.a
                0x0000000000000020                _region_min_align = 0x20

.rel.plt        0x0000000000000000        0x0
 *(SORT_BY_ALIGNMENT(.rel.plt))
                [!provide]                        PROVIDE (__rel_iplt_start = .)
 *(SORT_BY_ALIGNMENT(.rel.iplt))
 .rel.iplt      0x0000000000000000        0x0 zephyr/CMakeFiles/zephyr_final.dir/isr_tables.c.obj
                [!provide]                        PROVIDE (__rel_iplt_end = .)

.rela.plt       0x0000000000000000        0x0
 *(SORT_BY_ALIGNMENT(.rela.plt))
                [!provide]                        PROVIDE (__rela_iplt_start = .)
 *(SORT_BY_ALIGNMENT(.rela.iplt))
                [!provide]                        PROVIDE (__rela_iplt_end = .)

.rel.dyn
 *(SORT_BY_ALIGNMENT(.rel.*))

.rela.dyn
 *(SORT_BY_ALIGNMENT(.rela.*))

/DISCARD/
 *(SORT_BY_ALIGNMENT(.plt))

/DISCARD/
 *(SORT_BY_ALIGNMENT(.iplt))
                0x0000000000000000                __rom_region_start = 0x0

rom_start       0x0000000000000000      0x154
                0x0000000000000000                __rom_start_address = .
 FILL mask 0x00
                0x0000000000000000                . = (. + (0x0 - (. - __rom_start_address)))
                0x0000000000000000                . = ALIGN (0x4)
                0x0000000000000000                . = ALIGN (0x80)
                0x0000000000000000                . = ALIGN (0x200)
                0x0000000000000000                _vector_start = .
 *(SORT_BY_ALIGNMENT(.exc_vector_table))
 *(SORT_BY_ALIGNMENT(.exc_vector_table.*))
 .exc_vector_table._vector_table_section
                0x0000000000000000       0x40 zephyr/arch/arch/arm/core/cortex_m/libarch__arm__core__cortex_m.a(vector_table.S.obj)
                0x0000000000000000                _vector_table
 *(SORT_BY_ALIGNMENT(.vectors))
                0x0000000000000154                _vector_end = .
                0x0000000000000040                . = ALIGN (0x4)
 *(SORT_BY_ALIGNMENT(.gnu.linkonce.irq_vector_table*))
 .gnu.linkonce.irq_vector_table
                0x0000000000000040      0x114 zephyr/CMakeFiles/zephyr_final.dir/isr_tables.c.obj
                0x0000000000000040                _irq_vector_table
                0x0000000000000154                _vector_end = .

text            0x0000000000000158    0x1b464
                0x0000000000000158                __text_region_start = .
 *(SORT_BY_ALIGNMENT(.text))
 .text          0x0000000000000158       0xa0 c:/ncs/toolchains/0b393f9e1b/opt/zephyr-sdk/arm-zephyr-eabi/bin/../lib/gcc/arm-zephyr-eabi/12.2.0/thumb/v8-m.main/nofp\libgcc.a(_aeabi_ldivmod.o)
                0x0000000000000158                __aeabi_ldivmod
 .text          0x00000000000001f8       0x30 c:/ncs/toolchains/0b393f9e1b/opt/zephyr-sdk/arm-zephyr-eabi/bin/../lib/gcc/arm-zephyr-eabi/12.2.0/thumb/v8-m.main/nofp\libgcc.a(_aeabi_uldivmod.o)
                0x00000000000001f8                __aeabi_uldivmod
 .text          0x0000000000000228        0x4 c:/ncs/toolchains/0b393f9e1b/opt/zephyr-sdk/arm-zephyr-eabi/bin/../lib/gcc/arm-zephyr-eabi/12.2.0/thumb/v8-m.main/nofp\libgcc.a(_dvmd_tls.o)
                0x0000000000000228                __aeabi_idiv0
                0x0000000000000228                __aeabi_ldiv0
 .text          0x000000000000022c       0x14 c:\ncs\toolchains\0b393f9e1b\opt\zephyr-sdk\arm-zephyr-eabi\bin\../lib/gcc/../../picolibc/arm-zephyr-eabi/lib/thumb/v8-m.main/nofp\libc.a(strcmp.S.o)
                0x000000000000022c                strcmp
 .text          0x0000000000000240       0x10 c:\ncs\toolchains\0b393f9e1b\opt\zephyr-sdk\arm-zephyr-eabi\bin\../lib/gcc/../../picolibc/arm-zephyr-eabi/lib/thumb/v8-m.main/nofp\libc.a(strcpy.S.o)
                0x0000000000000240                strcpy
 .text          0x0000000000000250       0x10 c:\ncs\toolchains\0b393f9e1b\opt\zephyr-sdk\arm-zephyr-eabi\bin\../lib/gcc/../../picolibc/arm-zephyr-eabi/lib/thumb/v8-m.main/nofp\libc.a(strlen.S.o)
                0x0000000000000250                strlen
 .text          0x0000000000000260      0x29c c:/ncs/toolchains/0b393f9e1b/opt/zephyr-sdk/arm-zephyr-eabi/bin/../lib/gcc/arm-zephyr-eabi/12.2.0/thumb/v8-m.main/nofp\libgcc.a(_udivmoddi4.o)
                0x0000000000000260                __udivmoddi4
 *(SORT_BY_ALIGNMENT(.text.*))
 *fill*         0x00000000000004fc        0x4 
 .text.pwm_set  0x0000000000000500       0x9c app/libapp.a(torch_led.c.obj)
 *fill*         0x000000000000059c        0x4 
 .text.cmd_kernel_uptime
                0x00000000000005a0      0x150 zephyr/libzephyr.a(uptime.c.obj)
 .text.pwm_set  0x00000000000006f0       0x9c zephyr/drivers/led/libdrivers__led.a(led_pwm.c.obj)
 .text.zbus_subscribers_create
                0x000000000000078c       0x70 app/libapp.a(main.c.obj)
 .text.zbus_link_producers_observers
                0x00000000000007fc       0x40 app/libapp.a(main.c.obj)
 .text.button_msg_sub_thread
                0x000000000000083c      0x144 app/libapp.a(main.c.obj)
 .text.main     0x0000000000000980      0x230 app/libapp.a(main.c.obj)
                0x0000000000000980                main
 .text.on_button_debounce_timeout
                0x0000000000000bb0        0xc app/libapp.a(button_handler.c.obj)
 .text.z_impl_gpio_pin_configure
                0x0000000000000bbc      0x1a0 app/libapp.a(button_handler.c.obj)
 .text.gpio_init_callback
                0x0000000000000d5c       0x64 app/libapp.a(button_handler.c.obj)
 .text.z_impl_gpio_pin_interrupt_configure
                0x0000000000000dc0      0x130 app/libapp.a(button_handler.c.obj)
 .text.button_publish_thread
                0x0000000000000ef0       0x4c app/libapp.a(button_handler.c.obj)
 .text.pin_msk_to_pin
                0x0000000000000f3c       0x6c app/libapp.a(button_handler.c.obj)
 .text.pin_to_btn_idx
                0x0000000000000fa8       0x50 app/libapp.a(button_handler.c.obj)
 .text.button_isr
                0x0000000000000ff8       0xe8 app/libapp.a(button_handler.c.obj)
 .text.cmd_push_btn
                0x00000000000010e0       0xd0 app/libapp.a(button_handler.c.obj)
 .text.cmd_print_all_btns
                0x00000000000011b0       0x3c app/libapp.a(button_handler.c.obj)
 .text.button_handler_init
                0x00000000000011ec       0xd8 app/libapp.a(button_handler.c.obj)
                0x00000000000011ec                button_handler_init
 .text.button_msg_sys_sub_thread
                0x00000000000012c4      0x420 app/libapp.a(system.c.obj)
 .text.GetSystem
                0x00000000000016e4        0x8 app/libapp.a(system.c.obj)
                0x00000000000016e4                GetSystem
 .text.GetSystemAudio
                0x00000000000016ec        0x8 app/libapp.a(system.c.obj)
                0x00000000000016ec                GetSystemAudio
 .text.system_init
                0x00000000000016f4      0x160 app/libapp.a(system.c.obj)
                0x00000000000016f4                system_init
 .text.AT_RegisterDevice
                0x0000000000001854       0x24 app/libapp.a(at_common.c.obj)
                0x0000000000001854                AT_RegisterDevice
 .text.AT_SendCommand
                0x0000000000001878       0x54 app/libapp.a(at_common.c.obj)
                0x0000000000001878                AT_SendCommand
 .text.AT_CreateCommand
                0x00000000000018cc      0x11c app/libapp.a(at_common.c.obj)
                0x00000000000018cc                AT_CreateCommand
 .text.AT_DispatchEvent
                0x00000000000019e8       0x60 app/libapp.a(at_common.c.obj)
                0x00000000000019e8                AT_DispatchEvent
 .text.ATM_BtmInit
                0x0000000000001a48       0x24 app/libapp.a(at_btm.c.obj)
                0x0000000000001a48                ATM_BtmInit
 .text.ATM_DspInit
                0x0000000000001a6c       0x24 app/libapp.a(at_dsp.c.obj)
                0x0000000000001a6c                ATM_DspInit
 .text.btm_audio_init
                0x0000000000001a90       0x48 app/libapp.a(btm_audio.c.obj)
 .text.btm_handle_output_change
                0x0000000000001ad8       0x20 app/libapp.a(btm_audio.c.obj)
 .text.btm_handle_message
                0x0000000000001af8       0x24 app/libapp.a(btm_audio.c.obj)
 .text.btm_uart_cb
                0x0000000000001b1c       0x7c app/libapp.a(btm_audio.c.obj)
 .text.GetBtmUartDev
                0x0000000000001b98        0xc app/libapp.a(btm_audio.c.obj)
                0x0000000000001b98                GetBtmUartDev
 .text.btm_init
                0x0000000000001ba4       0xc0 app/libapp.a(btm_audio.c.obj)
                0x0000000000001ba4                btm_init
 .text.btm_audio_thread
                0x0000000000001c64      0x110 app/libapp.a(btm_audio.c.obj)
                0x0000000000001c64                btm_audio_thread
 .text.dsp_audio_init
                0x0000000000001d74       0x50 app/libapp.a(dsp_audio.c.obj)
 .text.dsp_audio_stop
                0x0000000000001dc4       0x18 app/libapp.a(dsp_audio.c.obj)
 .text.dsp_handle_message
                0x0000000000001ddc       0x24 app/libapp.a(dsp_audio.c.obj)
 .text.dsp_uart_cb
                0x0000000000001e00       0x7c app/libapp.a(dsp_audio.c.obj)
 .text.GetDspUartDev
                0x0000000000001e7c        0xc app/libapp.a(dsp_audio.c.obj)
                0x0000000000001e7c                GetDspUartDev
 .text.dsp_init
                0x0000000000001e88       0xa4 app/libapp.a(dsp_audio.c.obj)
                0x0000000000001e88                dsp_init
 .text.dsp_audio_thread
                0x0000000000001f2c      0x104 app/libapp.a(dsp_audio.c.obj)
                0x0000000000001f2c                dsp_audio_thread
 .text.pmic_thread
                0x0000000000002030       0x1c app/libapp.a(pmic.c.obj)
 .text.debug_led_init
                0x000000000000204c       0x28 app/libapp.a(debug_led.c.obj)
                0x000000000000204c                debug_led_init
 .text.rgb_apply_gamma
                0x0000000000002074       0x44 app/libapp.a(rgb_led.c.obj)
                0x0000000000002074                rgb_apply_gamma
 .text.rgb_led_set_all
                0x00000000000020b8       0xa4 app/libapp.a(rgb_led.c.obj)
                0x00000000000020b8                rgb_led_set_all
 .text.rgb_led_init
                0x000000000000215c      0x1b8 app/libapp.a(rgb_led.c.obj)
                0x000000000000215c                rgb_led_init
 .text.rgb_led_state_update
                0x0000000000002314      0x234 app/libapp.a(rgb_led.c.obj)
                0x0000000000002314                rgb_led_state_update
 .text.z_impl_gpio_pin_configure
                0x0000000000002548      0x1a0 app/libapp.a(torch_led.c.obj)
 .text.gpio_pin_set_raw
                0x00000000000026e8       0x54 app/libapp.a(torch_led.c.obj)
 .text.gpio_pin_set
                0x000000000000273c       0x54 app/libapp.a(torch_led.c.obj)
 .text.torch_led_init
                0x0000000000002790      0x2bc app/libapp.a(torch_led.c.obj)
                0x0000000000002790                torch_led_init
 .text.torch_led_power_control
                0x0000000000002a4c      0x198 app/libapp.a(torch_led.c.obj)
                0x0000000000002a4c                torch_led_power_control
 .text.sys_heap_free
                0x0000000000002be4       0xb0 zephyr/libzephyr.a(heap.c.obj)
                0x0000000000002be4                sys_heap_free
 .text.sys_heap_aligned_alloc
                0x0000000000002c94      0x158 zephyr/libzephyr.a(heap.c.obj)
                0x0000000000002c94                sys_heap_aligned_alloc
 .text.sys_heap_init
                0x0000000000002dec      0x184 zephyr/libzephyr.a(heap.c.obj)
                0x0000000000002dec                sys_heap_init
 .text.get_package_len
                0x0000000000002f70       0x50 zephyr/libzephyr.a(cbprintf_packaged.c.obj)
 .text.cbvprintf_package
                0x0000000000002fc0      0x540 zephyr/libzephyr.a(cbprintf_packaged.c.obj)
                0x0000000000002fc0                cbvprintf_package
 .text.cbprintf_package_convert
                0x0000000000003500      0x594 zephyr/libzephyr.a(cbprintf_packaged.c.obj)
                0x0000000000003500                cbprintf_package_convert
 .text.__printk_hook_install
                0x0000000000003a94        0xc zephyr/libzephyr.a(printk.c.obj)
                0x0000000000003a94                __printk_hook_install
 .text.z_thread_entry
                0x0000000000003aa0       0x34 zephyr/libzephyr.a(thread_entry.c.obj)
                0x0000000000003aa0                z_thread_entry
 .text.mpsc_pbuf_init
                0x0000000000003ad4       0x68 zephyr/libzephyr.a(mpsc_pbuf.c.obj)
                0x0000000000003ad4                mpsc_pbuf_init
 .text.mpsc_pbuf_alloc
                0x0000000000003b3c      0x220 zephyr/libzephyr.a(mpsc_pbuf.c.obj)
                0x0000000000003b3c                mpsc_pbuf_alloc
 .text.mpsc_pbuf_commit
                0x0000000000003d5c       0xc8 zephyr/libzephyr.a(mpsc_pbuf.c.obj)
                0x0000000000003d5c                mpsc_pbuf_commit
 .text.mpsc_pbuf_claim
                0x0000000000003e24      0x14c zephyr/libzephyr.a(mpsc_pbuf.c.obj)
                0x0000000000003e24                mpsc_pbuf_claim
 .text.mpsc_pbuf_free
                0x0000000000003f70      0x100 zephyr/libzephyr.a(mpsc_pbuf.c.obj)
                0x0000000000003f70                mpsc_pbuf_free
 .text.mpsc_pbuf_is_pending
                0x0000000000004070       0xa4 zephyr/libzephyr.a(mpsc_pbuf.c.obj)
                0x0000000000004070                mpsc_pbuf_is_pending
 .text.process_complete
                0x0000000000004114       0xe8 zephyr/libzephyr.a(onoff.c.obj)
 .text.process_event
                0x00000000000041fc      0x3a4 zephyr/libzephyr.a(onoff.c.obj)
 .text.transition_complete
                0x00000000000045a0       0x64 zephyr/libzephyr.a(onoff.c.obj)
 .text.onoff_request
                0x0000000000004604      0x168 zephyr/libzephyr.a(onoff.c.obj)
                0x0000000000004604                onoff_request
 .text.sys_notify_finalize
                0x000000000000476c       0x58 zephyr/libzephyr.a(notify.c.obj)
                0x000000000000476c                sys_notify_finalize
 .text.ring_buf_get
                0x00000000000047c4       0x6c zephyr/libzephyr.a(ring_buffer.c.obj)
                0x00000000000047c4                ring_buf_get
 .text.log_backend_is_active
                0x0000000000004830       0x30 zephyr/libzephyr.a(log_core.c.obj)
 .text.log_backend_init
                0x0000000000004860       0x30 zephyr/libzephyr.a(log_core.c.obj)
 .text.log_backend_is_ready
                0x0000000000004890       0x34 zephyr/libzephyr.a(log_core.c.obj)
 .text.log_backend_panic
                0x00000000000048c4       0x30 zephyr/libzephyr.a(log_core.c.obj)
 .text.log_backend_dropped
                0x00000000000048f4       0x30 zephyr/libzephyr.a(log_core.c.obj)
 .text.log_backend_msg_process
                0x0000000000004924       0x4c zephyr/libzephyr.a(log_core.c.obj)
 .text.log_backend_notify
                0x0000000000004970       0x38 zephyr/libzephyr.a(log_core.c.obj)
 .text.log_backend_notify_all
                0x00000000000049a8       0x5c zephyr/libzephyr.a(log_core.c.obj)
 .text.activate_foreach_backend
                0x0000000000004a04       0x50 zephyr/libzephyr.a(log_core.c.obj)
 .text.z_log_init
                0x0000000000004a54       0xe4 zephyr/libzephyr.a(log_core.c.obj)
 .text.thread_set
                0x0000000000004b38       0x28 zephyr/libzephyr.a(log_core.c.obj)
 .text.log_process_thread_timer_expiry_fn
                0x0000000000004b60       0x10 zephyr/libzephyr.a(log_core.c.obj)
 .text.msg_process
                0x0000000000004b70       0x70 zephyr/libzephyr.a(log_core.c.obj)
 .text.enable_logger
                0x0000000000004be0       0x5c zephyr/libzephyr.a(log_core.c.obj)
 .text.log_format_func_t_get
                0x0000000000004c3c        0xc zephyr/libzephyr.a(log_core.c.obj)
                0x0000000000004c3c                log_format_func_t_get
 .text.log_set_timestamp_func
                0x0000000000004c48       0x24 zephyr/libzephyr.a(log_core.c.obj)
                0x0000000000004c48                log_set_timestamp_func
 .text.z_log_notify_backend_enabled
                0x0000000000004c6c       0x20 zephyr/libzephyr.a(log_core.c.obj)
                0x0000000000004c6c                z_log_notify_backend_enabled
 .text.z_log_dropped
                0x0000000000004c8c       0x44 zephyr/libzephyr.a(log_core.c.obj)
                0x0000000000004c8c                z_log_dropped
 .text.z_log_dropped_read_and_clear
                0x0000000000004cd0       0x18 zephyr/libzephyr.a(log_core.c.obj)
                0x0000000000004cd0                z_log_dropped_read_and_clear
 .text.dropped_notify
                0x0000000000004ce8       0x68 zephyr/libzephyr.a(log_core.c.obj)
                0x0000000000004ce8                dropped_notify
 .text.z_log_dropped_pending
                0x0000000000004d50       0x14 zephyr/libzephyr.a(log_core.c.obj)
                0x0000000000004d50                z_log_dropped_pending
 .text.z_log_msg_init
                0x0000000000004d64       0x20 zephyr/libzephyr.a(log_core.c.obj)
                0x0000000000004d64                z_log_msg_init
 .text.log_core_init
                0x0000000000004d84       0x34 zephyr/libzephyr.a(log_core.c.obj)
                0x0000000000004d84                log_core_init
 .text.z_log_msg_alloc
                0x0000000000004db8       0x10 zephyr/libzephyr.a(log_core.c.obj)
                0x0000000000004db8                z_log_msg_alloc
 .text.z_log_msg_local_claim
                0x0000000000004dc8       0x10 zephyr/libzephyr.a(log_core.c.obj)
                0x0000000000004dc8                z_log_msg_local_claim
 .text.z_log_msg_free
                0x0000000000004dd8       0x14 zephyr/libzephyr.a(log_core.c.obj)
                0x0000000000004dd8                z_log_msg_free
 .text.z_log_msg_pending
                0x0000000000004dec       0x10 zephyr/libzephyr.a(log_core.c.obj)
                0x0000000000004dec                z_log_msg_pending
 .text.z_impl_log_process
                0x0000000000004dfc       0xb4 zephyr/libzephyr.a(log_core.c.obj)
                0x0000000000004dfc                z_impl_log_process
 .text.z_impl_log_panic
                0x0000000000004eb0       0x84 zephyr/libzephyr.a(log_core.c.obj)
                0x0000000000004eb0                z_impl_log_panic
 .text.z_log_msg_post_finalize
                0x0000000000004f34       0xf4 zephyr/libzephyr.a(log_core.c.obj)
 .text.z_log_msg_commit
                0x0000000000005028       0x20 zephyr/libzephyr.a(log_core.c.obj)
                0x0000000000005028                z_log_msg_commit
 .text.log_process_thread_func
                0x0000000000005048       0xb0 zephyr/libzephyr.a(log_core.c.obj)
 .text.z_log_get_tag
                0x00000000000050f8        0x8 zephyr/libzephyr.a(log_core.c.obj)
                0x00000000000050f8                z_log_get_tag
 .text.get_dynamic_filter
                0x0000000000005100        0xc zephyr/libzephyr.a(log_mgmt.c.obj)
 .text.log_backend_id_get
                0x000000000000510c       0x2c zephyr/libzephyr.a(log_mgmt.c.obj)
 .text.log_backend_id_set
                0x0000000000005138       0x2c zephyr/libzephyr.a(log_mgmt.c.obj)
 .text.log_backend_activate
                0x0000000000005164       0x38 zephyr/libzephyr.a(log_mgmt.c.obj)
 .text.log_backend_is_active
                0x000000000000519c       0x30 zephyr/libzephyr.a(log_mgmt.c.obj)
 .text.log_backend_deactivate
                0x00000000000051cc       0x34 zephyr/libzephyr.a(log_mgmt.c.obj)
 .text.log_src_cnt_get
                0x0000000000005200       0x14 zephyr/libzephyr.a(log_mgmt.c.obj)
                0x0000000000005200                log_src_cnt_get
 .text.log_source_name_get
                0x0000000000005214       0x1c zephyr/libzephyr.a(log_mgmt.c.obj)
                0x0000000000005214                log_source_name_get
 .text.log_compiled_level_get
                0x0000000000005230       0x20 zephyr/libzephyr.a(log_mgmt.c.obj)
                0x0000000000005230                log_compiled_level_get
 .text.filter_get
                0x0000000000005250       0x64 zephyr/libzephyr.a(log_mgmt.c.obj)
 .text.z_log_runtime_filters_init
                0x00000000000052b4       0x44 zephyr/libzephyr.a(log_mgmt.c.obj)
                0x00000000000052b4                z_log_runtime_filters_init
 .text.filter_set
                0x00000000000052f8       0xd0 zephyr/libzephyr.a(log_mgmt.c.obj)
                0x00000000000052f8                filter_set
 .text.log_backend_enable
                0x00000000000053c8       0x34 zephyr/libzephyr.a(log_mgmt.c.obj)
                0x00000000000053c8                log_backend_enable
 .text.cbprintf_package_copy
                0x00000000000053fc       0x30 zephyr/libzephyr.a(log_msg.c.obj)
 .text.z_log_msg_finalize
                0x000000000000542c       0x48 zephyr/libzephyr.a(log_msg.c.obj)
                0x000000000000542c                z_log_msg_finalize
 .text.z_impl_z_log_msg_static_create
                0x0000000000005474      0x18c zephyr/libzephyr.a(log_msg.c.obj)
                0x0000000000005474                z_impl_z_log_msg_static_create
 .text.z_log_msg_runtime_vcreate
                0x0000000000005600       0xfc zephyr/libzephyr.a(log_msg.c.obj)
                0x0000000000005600                z_log_msg_runtime_vcreate
 .text.log_msg_get_source_id
                0x00000000000056fc       0x18 zephyr/libzephyr.a(log_msg.c.obj)
                0x00000000000056fc                log_msg_get_source_id
 .text.out_func
                0x0000000000005714       0x5c zephyr/libzephyr.a(log_output.c.obj)
 .text.print_formatted
                0x0000000000005770       0x24 zephyr/libzephyr.a(log_output.c.obj)
 .text.timestamp_print
                0x0000000000005794       0x8c zephyr/libzephyr.a(log_output.c.obj)
 .text.color_print
                0x0000000000005820       0x2c zephyr/libzephyr.a(log_output.c.obj)
 .text.newline_print
                0x000000000000584c       0x28 zephyr/libzephyr.a(log_output.c.obj)
 .text.hexdump_line_print
                0x0000000000005874       0xc4 zephyr/libzephyr.a(log_output.c.obj)
 .text.ids_print
                0x0000000000005938       0x98 zephyr/libzephyr.a(log_output.c.obj)
 .text.prefix_print
                0x00000000000059d0       0xb8 zephyr/libzephyr.a(log_output.c.obj)
 .text.log_output_process
                0x0000000000005a88       0xb0 zephyr/libzephyr.a(log_output.c.obj)
                0x0000000000005a88                log_output_process
 .text.log_output_dropped_process
                0x0000000000005b38       0x84 zephyr/libzephyr.a(log_output.c.obj)
                0x0000000000005b38                log_output_dropped_process
 .text.log_output_timestamp_freq_set
                0x0000000000005bbc       0x2c zephyr/libzephyr.a(log_output.c.obj)
                0x0000000000005bbc                log_output_timestamp_freq_set
 .text.char_out
                0x0000000000005be8       0x24 zephyr/libzephyr.a(log_backend_uart.c.obj)
 .text.log_backend_uart_init
                0x0000000000005c0c       0x3c zephyr/libzephyr.a(log_backend_uart.c.obj)
 .text.mem_attr_get_regions
                0x0000000000005c48        0xc zephyr/libzephyr.a(mem_attr.c.obj)
                0x0000000000005c48                mem_attr_get_regions
 .text.cmd_kernel_cycles
                0x0000000000005c54       0x1c zephyr/libzephyr.a(cycles.c.obj)
 .text.cmd_kernel_sleep
                0x0000000000005c70       0x38 zephyr/libzephyr.a(sleep.c.obj)
 .text.cmd_kernel_version
                0x0000000000005ca8       0x18 zephyr/libzephyr.a(version.c.obj)
 .text.cmd_kernel_log_level_set
                0x0000000000005cc0       0x80 zephyr/libzephyr.a(log-level.c.obj)
 .text.cmd_kernel_thread_list
                0x0000000000005d40       0x34 zephyr/libzephyr.a(list.c.obj)
 .text.rt_stats_dump
                0x0000000000005d74       0x6c zephyr/libzephyr.a(list.c.obj)
 .text.shell_tdata_dump
                0x0000000000005de0       0xc8 zephyr/libzephyr.a(list.c.obj)
 .text.cmd_kernel_thread_stacks
                0x0000000000005ea8       0xb0 zephyr/libzephyr.a(stacks.c.obj)
 .text.shell_stack_dump
                0x0000000000005f58       0x60 zephyr/libzephyr.a(stacks.c.obj)
 .text.get_device_name
                0x0000000000005fb8       0x20 zephyr/libzephyr.a(device_service.c.obj)
 .text.cmd_device_list
                0x0000000000005fd8       0xc4 zephyr/libzephyr.a(device_service.c.obj)
 .text.memory_read
                0x000000000000609c       0x40 zephyr/libzephyr.a(devmem_service.c.obj)
 .text.memory_write
                0x00000000000060dc       0x38 zephyr/libzephyr.a(devmem_service.c.obj)
 .text.cmd_devmem
                0x0000000000006114       0x84 zephyr/libzephyr.a(devmem_service.c.obj)
 .text.set_bypass
                0x0000000000006198       0x50 zephyr/libzephyr.a(devmem_service.c.obj)
 .text.cmd_load
                0x00000000000061e8       0xc0 zephyr/libzephyr.a(devmem_service.c.obj)
 .text.bypass_cb
                0x00000000000062a8      0x17c zephyr/libzephyr.a(devmem_service.c.obj)
 .text.memory_dump
                0x0000000000006424       0xd8 zephyr/libzephyr.a(devmem_service.c.obj)
 .text.cmd_dump
                0x00000000000064fc      0x114 zephyr/libzephyr.a(devmem_service.c.obj)
 .text.on_failed_write
                0x0000000000006610       0x2c zephyr/libzephyr.a(shell_rtt.c.obj)
 .text.on_write
                0x000000000000663c       0x38 zephyr/libzephyr.a(shell_rtt.c.obj)
 .text.write    0x0000000000006674       0x88 zephyr/libzephyr.a(shell_rtt.c.obj)
 .text.enable   0x00000000000066fc       0x20 zephyr/libzephyr.a(shell_rtt.c.obj)
 .text.init     0x000000000000671c       0x34 zephyr/libzephyr.a(shell_rtt.c.obj)
 .text.enable_shell_rtt
                0x0000000000006750       0x24 zephyr/libzephyr.a(shell_rtt.c.obj)
 .text.cmd_precheck
                0x0000000000006774       0x20 zephyr/libzephyr.a(shell.c.obj)
 .text.instance_uninit
                0x0000000000006794       0x88 zephyr/libzephyr.a(shell.c.obj)
 .text.state_set
                0x000000000000681c       0x4c zephyr/libzephyr.a(shell.c.obj)
 .text.kill_handler
                0x0000000000006868       0x2c zephyr/libzephyr.a(shell.c.obj)
 .text.z_clear_eos
                0x0000000000006894       0x20 zephyr/libzephyr.a(shell.c.obj)
 .text.shell_internal_help_print
                0x00000000000068b4       0x20 zephyr/libzephyr.a(shell.c.obj)
 .text.exec_cmd
                0x00000000000068d4       0xc8 zephyr/libzephyr.a(shell.c.obj)
 .text.execute  0x000000000000699c      0x1ec zephyr/libzephyr.a(shell.c.obj)
 .text.tab_prepare
                0x0000000000006b88       0xb4 zephyr/libzephyr.a(shell.c.obj)
 .text.autocomplete
                0x0000000000006c3c       0xc0 zephyr/libzephyr.a(shell.c.obj)
 .text.tab_item_print
                0x0000000000006cfc       0xa8 zephyr/libzephyr.a(shell.c.obj)
 .text.tab_options_print
                0x0000000000006da4       0xa8 zephyr/libzephyr.a(shell.c.obj)
 .text.common_beginning_find
                0x0000000000006e4c       0xd0 zephyr/libzephyr.a(shell.c.obj)
 .text.ctrl_metakeys_handle
                0x0000000000006f1c       0xec zephyr/libzephyr.a(shell.c.obj)
 .text.state_collect
                0x0000000000007008      0x328 zephyr/libzephyr.a(shell.c.obj)
 .text.shell_process
                0x0000000000007330       0x70 zephyr/libzephyr.a(shell.c.obj)
                0x0000000000007330                shell_process
 .text.shell_start
                0x00000000000073a0       0xcc zephyr/libzephyr.a(shell.c.obj)
                0x00000000000073a0                shell_start
 .text.shell_thread
                0x000000000000746c       0xcc zephyr/libzephyr.a(shell.c.obj)
                0x000000000000746c                shell_thread
 .text.shell_vfprintf
                0x0000000000007538      0x18c zephyr/libzephyr.a(shell.c.obj)
                0x0000000000007538                shell_vfprintf
 .text.cmd_help
                0x00000000000076c4       0x44 zephyr/libzephyr.a(shell.c.obj)
 .text.shell_hexdump_line
                0x0000000000007708       0xe4 zephyr/libzephyr.a(shell.c.obj)
                0x0000000000007708                shell_hexdump_line
 .text.shell_prompt_change
                0x00000000000077ec       0x90 zephyr/libzephyr.a(shell.c.obj)
                0x00000000000077ec                shell_prompt_change
 .text.instance_init
                0x000000000000787c       0xd4 zephyr/libzephyr.a(shell.c.obj)
 .text.shell_init
                0x0000000000007950       0xb0 zephyr/libzephyr.a(shell.c.obj)
                0x0000000000007950                shell_init
 .text.shell_set_bypass
                0x0000000000007a00       0x38 zephyr/libzephyr.a(shell.c.obj)
                0x0000000000007a00                shell_set_bypass
 .text.z_shell_fprintf_fmt
                0x0000000000007a38       0x24 zephyr/libzephyr.a(shell_fprintf.c.obj)
                0x0000000000007a38                z_shell_fprintf_fmt
 .text.buffer_trim
                0x0000000000007a5c       0x5c zephyr/libzephyr.a(shell_utils.c.obj)
 .text.make_argv
                0x0000000000007ab8      0x194 zephyr/libzephyr.a(shell_utils.c.obj)
 .text.z_shell_make_argv
                0x0000000000007c4c       0x4c zephyr/libzephyr.a(shell_utils.c.obj)
                0x0000000000007c4c                z_shell_make_argv
 .text.z_shell_cmd_get
                0x0000000000007c98       0xa8 zephyr/libzephyr.a(shell_utils.c.obj)
                0x0000000000007c98                z_shell_cmd_get
 .text.shell_strtoul
                0x0000000000007d40       0x5c zephyr/libzephyr.a(shell_utils.c.obj)
                0x0000000000007d40                shell_strtoul
 .text.shift_calc
                0x0000000000007d9c       0x44 zephyr/libzephyr.a(shell_ops.c.obj)
 .text.z_cursor_save
                0x0000000000007de0       0x20 zephyr/libzephyr.a(shell_ops.c.obj)
 .text.z_clear_eos
                0x0000000000007e00       0x20 zephyr/libzephyr.a(shell_ops.c.obj)
 .text.z_cursor_restore
                0x0000000000007e20       0x20 zephyr/libzephyr.a(shell_ops.c.obj)
 .text.vt100_bgcolor_set
                0x0000000000007e40       0x38 zephyr/libzephyr.a(shell_ops.c.obj)
 .text.z_shell_op_cursor_vert_move
                0x0000000000007e78       0x34 zephyr/libzephyr.a(shell_ops.c.obj)
                0x0000000000007e78                z_shell_op_cursor_vert_move
 .text.z_shell_op_cursor_horiz_move
                0x0000000000007eac       0x34 zephyr/libzephyr.a(shell_ops.c.obj)
                0x0000000000007eac                z_shell_op_cursor_horiz_move
 .text.char_replace
                0x0000000000007ee0       0x54 zephyr/libzephyr.a(shell_ops.c.obj)
 .text.z_shell_op_cond_next_line
                0x0000000000007f34       0x20 zephyr/libzephyr.a(shell_ops.c.obj)
                0x0000000000007f34                z_shell_op_cond_next_line
 .text.z_shell_op_cursor_position_synchronize
                0x0000000000007f54       0x5c zephyr/libzephyr.a(shell_ops.c.obj)
                0x0000000000007f54                z_shell_op_cursor_position_synchronize
 .text.z_shell_print_cmd
                0x0000000000007fb0       0x80 zephyr/libzephyr.a(shell_ops.c.obj)
                0x0000000000007fb0                z_shell_print_cmd
 .text.z_shell_write
                0x0000000000008030       0xb0 zephyr/libzephyr.a(shell_ops.c.obj)
                0x0000000000008030                z_shell_write
 .text.z_shell_vt100_color_set
                0x00000000000080e0       0x54 zephyr/libzephyr.a(shell_ops.c.obj)
                0x00000000000080e0                z_shell_vt100_color_set
 .text.z_shell_fprintf
                0x0000000000008134       0xec zephyr/libzephyr.a(shell_ops.c.obj)
                0x0000000000008134                z_shell_fprintf
 .text.z_shell_op_word_remove
                0x0000000000008220       0xa0 zephyr/libzephyr.a(shell_ops.c.obj)
                0x0000000000008220                z_shell_op_word_remove
 .text.reprint_from_cursor
                0x00000000000082c0       0x88 zephyr/libzephyr.a(shell_ops.c.obj)
 .text.print_prompt
                0x0000000000008348       0x14 zephyr/libzephyr.a(shell_ops.c.obj)
 .text.z_shell_backend_rx_buffer_flush
                0x000000000000835c       0x54 zephyr/libzephyr.a(shell_ops.c.obj)
                0x000000000000835c                z_shell_backend_rx_buffer_flush
 .text.formatted_text_print
                0x00000000000083b0      0x104 zephyr/libzephyr.a(shell_help.c.obj)
 .text.help_item_print
                0x00000000000084b4       0x60 zephyr/libzephyr.a(shell_help.c.obj)
 .text.z_shell_help_cmd_print
                0x0000000000008514       0x44 zephyr/libzephyr.a(shell_help.c.obj)
                0x0000000000008514                z_shell_help_cmd_print
 .text.z_shell_help_request
                0x0000000000008558       0x2c zephyr/libzephyr.a(shell_help.c.obj)
                0x0000000000008558                z_shell_help_request
 .text.boot_banner
                0x0000000000008584       0x24 zephyr/libzephyr.a(banner.c.obj)
                0x0000000000008584                boot_banner
 .text.nrf_cc3xx_platform_abort_init
                0x00000000000085a8       0x10 zephyr/libzephyr.a(nrf_cc3xx_platform_abort_zephyr.c.obj)
                0x00000000000085a8                nrf_cc3xx_platform_abort_init
 .text.mutex_flags_unknown
                0x00000000000085b8       0x50 zephyr/libzephyr.a(nrf_cc3xx_platform_mutex_zephyr.c.obj)
 .text.mutex_unlock_platform
                0x0000000000008608       0x6c zephyr/libzephyr.a(nrf_cc3xx_platform_mutex_zephyr.c.obj)
 .text.mutex_lock_platform
                0x0000000000008674       0x7c zephyr/libzephyr.a(nrf_cc3xx_platform_mutex_zephyr.c.obj)
 .text.mutex_free_platform
                0x00000000000086f0       0x5c zephyr/libzephyr.a(nrf_cc3xx_platform_mutex_zephyr.c.obj)
 .text.mutex_init_platform
                0x000000000000874c       0x88 zephyr/libzephyr.a(nrf_cc3xx_platform_mutex_zephyr.c.obj)
 .text.nrf_cc3xx_platform_mutex_init
                0x00000000000087d4       0x28 zephyr/libzephyr.a(nrf_cc3xx_platform_mutex_zephyr.c.obj)
                0x00000000000087d4                nrf_cc3xx_platform_mutex_init
 .text.esf_dump
                0x00000000000087fc      0x190 zephyr/arch/arch/arm/core/libarch__arm__core.a(fatal.c.obj)
 .text.z_arm_fatal_error
                0x000000000000898c       0x40 zephyr/arch/arch/arm/core/libarch__arm__core.a(fatal.c.obj)
                0x000000000000898c                z_arm_fatal_error
 .text.z_SysNmiOnReset
                0x00000000000089cc        0x8 zephyr/arch/arch/arm/core/libarch__arm__core.a(nmi_on_reset.S.obj)
                0x00000000000089cc                z_SysNmiOnReset
 .text.z_tls_copy
                0x00000000000089d4       0x28 zephyr/arch/arch/arm/core/libarch__arm__core.a(tls.c.obj)
 .text.arch_tls_stack_setup
                0x00000000000089fc       0x28 zephyr/arch/arch/arm/core/libarch__arm__core.a(tls.c.obj)
                0x00000000000089fc                arch_tls_stack_setup
 .text._HandlerModeExit
                0x0000000000008a24       0x30 zephyr/arch/arch/arm/core/cortex_m/libarch__arm__core__cortex_m.a(exc_exit.c.obj)
                0x0000000000008a24                z_arm_int_exit
                0x0000000000008a24                z_arm_exc_exit
 .text.z_arm_is_synchronous_svc
                0x0000000000008a54       0x3c zephyr/arch/arch/arm/core/cortex_m/libarch__arm__core__cortex_m.a(fault.c.obj)
 .text.get_esf  0x0000000000008a90       0x54 zephyr/arch/arch/arm/core/cortex_m/libarch__arm__core__cortex_m.a(fault.c.obj)
 .text.usage_fault
                0x0000000000008ae4      0x150 zephyr/arch/arch/arm/core/cortex_m/libarch__arm__core__cortex_m.a(fault.c.obj)
 .text.debug_monitor
                0x0000000000008c34       0x28 zephyr/arch/arch/arm/core/cortex_m/libarch__arm__core__cortex_m.a(fault.c.obj)
 .text.reserved_exception
                0x0000000000008c5c       0xe8 zephyr/arch/arch/arm/core/cortex_m/libarch__arm__core__cortex_m.a(fault.c.obj)
 .text.mem_manage_fault
                0x0000000000008d44      0x1ac zephyr/arch/arch/arm/core/cortex_m/libarch__arm__core__cortex_m.a(fault.c.obj)
 .text.bus_fault
                0x0000000000008ef0      0x174 zephyr/arch/arch/arm/core/cortex_m/libarch__arm__core__cortex_m.a(fault.c.obj)
 .text.hard_fault
                0x0000000000009064      0x158 zephyr/arch/arch/arm/core/cortex_m/libarch__arm__core__cortex_m.a(fault.c.obj)
 .text.z_arm_fault
                0x00000000000091bc       0xb8 zephyr/arch/arch/arm/core/cortex_m/libarch__arm__core__cortex_m.a(fault.c.obj)
                0x00000000000091bc                z_arm_fault
 .text.z_arm_fault_init
                0x0000000000009274       0x18 zephyr/arch/arch/arm/core/cortex_m/libarch__arm__core__cortex_m.a(fault.c.obj)
                0x0000000000009274                z_arm_fault_init
 .text.__fault  0x000000000000928c       0x14 zephyr/arch/arch/arm/core/cortex_m/libarch__arm__core__cortex_m.a(fault_s.S.obj)
                0x000000000000928c                z_arm_usage_fault
                0x000000000000928c                z_arm_mpu_fault
                0x000000000000928c                z_arm_exc_spurious
                0x000000000000928c                z_arm_debug_monitor
                0x000000000000928c                z_arm_hard_fault
                0x000000000000928c                z_arm_bus_fault
 .text._reset_section
                0x00000000000092a0       0x6c zephyr/arch/arch/arm/core/cortex_m/libarch__arm__core__cortex_m.a(reset.S.obj)
                0x00000000000092a0                __start
                0x00000000000092a0                z_arm_reset
 .text.z_arm_clear_arm_mpu_config
                0x000000000000930c       0x28 zephyr/arch/arch/arm/core/cortex_m/libarch__arm__core__cortex_m.a(scb.c.obj)
                0x000000000000930c                z_arm_clear_arm_mpu_config
 .text.z_arm_init_arch_hw_at_boot
                0x0000000000009334       0x54 zephyr/arch/arch/arm/core/cortex_m/libarch__arm__core__cortex_m.a(scb.c.obj)
                0x0000000000009334                z_arm_init_arch_hw_at_boot
 .text.z_impl_k_thread_abort
                0x0000000000009388       0x34 zephyr/arch/arch/arm/core/cortex_m/libarch__arm__core__cortex_m.a(thread_abort.c.obj)
                0x0000000000009388                z_impl_k_thread_abort
 .text.z_arm_pendsv
                0x00000000000093bc       0x70 zephyr/arch/arch/arm/core/cortex_m/libarch__arm__core__cortex_m.a(swap_helper.S.obj)
                0x00000000000093bc                z_arm_pendsv
 .text.z_arm_svc
                0x000000000000942c       0x24 zephyr/arch/arch/arm/core/cortex_m/libarch__arm__core__cortex_m.a(swap_helper.S.obj)
                0x000000000000942c                z_arm_svc
 .text.__NVIC_EnableIRQ
                0x0000000000009450       0x1c zephyr/arch/arch/arm/core/cortex_m/libarch__arm__core__cortex_m.a(irq_manage.c.obj)
 .text.__NVIC_DisableIRQ
                0x000000000000946c       0x24 zephyr/arch/arch/arm/core/cortex_m/libarch__arm__core__cortex_m.a(irq_manage.c.obj)
 .text.__NVIC_SetPriority
                0x0000000000009490       0x28 zephyr/arch/arch/arm/core/cortex_m/libarch__arm__core__cortex_m.a(irq_manage.c.obj)
 .text.arch_irq_is_enabled
                0x00000000000094b8       0x1c zephyr/arch/arch/arm/core/cortex_m/libarch__arm__core__cortex_m.a(irq_manage.c.obj)
                0x00000000000094b8                arch_irq_is_enabled
 .text.z_arm_irq_priority_set
                0x00000000000094d4       0x48 zephyr/arch/arch/arm/core/cortex_m/libarch__arm__core__cortex_m.a(irq_manage.c.obj)
                0x00000000000094d4                z_arm_irq_priority_set
 .text.z_prep_c
                0x000000000000951c       0x38 zephyr/arch/arch/arm/core/cortex_m/libarch__arm__core__cortex_m.a(prep_c.c.obj)
                0x000000000000951c                z_prep_c
 .text.arch_new_thread
                0x0000000000009554       0x44 zephyr/arch/arch/arm/core/cortex_m/libarch__arm__core__cortex_m.a(thread.c.obj)
                0x0000000000009554                arch_new_thread
 .text.arch_switch_to_main_thread
                0x0000000000009598       0x40 zephyr/arch/arch/arm/core/cortex_m/libarch__arm__core__cortex_m.a(thread.c.obj)
                0x0000000000009598                arch_switch_to_main_thread
 .text.z_arm_cpu_idle_init
                0x00000000000095d8        0xc zephyr/arch/arch/arm/core/cortex_m/libarch__arm__core__cortex_m.a(cpu_idle.c.obj)
                0x00000000000095d8                z_arm_cpu_idle_init
 .text.z_arm_interrupt_init
                0x00000000000095e4       0x34 zephyr/arch/arch/arm/core/cortex_m/libarch__arm__core__cortex_m.a(irq_init.c.obj)
                0x00000000000095e4                z_arm_interrupt_init
 .text._isr_wrapper
                0x0000000000009618       0x20 zephyr/arch/arch/arm/core/cortex_m/libarch__arm__core__cortex_m.a(isr_wrapper.c.obj)
                0x0000000000009618                _isr_wrapper
 .text.z_arm_configure_static_mpu_regions
                0x0000000000009638       0x40 zephyr/arch/arch/arm/core/mpu/libarch__arm__core__mpu.a(arm_core_mpu.c.obj)
                0x0000000000009638                z_arm_configure_static_mpu_regions
 .text.mpu_init
                0x0000000000009678       0x14 zephyr/arch/arch/arm/core/mpu/libarch__arm__core__mpu.a(arm_mpu.c.obj)
 .text.mpu_set_region
                0x000000000000968c       0x14 zephyr/arch/arch/arm/core/mpu/libarch__arm__core__mpu.a(arm_mpu.c.obj)
 .text.mpu_region_get_conf
                0x00000000000096a0       0x40 zephyr/arch/arch/arm/core/mpu/libarch__arm__core__mpu.a(arm_mpu.c.obj)
 .text.mpu_mark_areas_for_dynamic_regions
                0x00000000000096e0       0x60 zephyr/arch/arch/arm/core/mpu/libarch__arm__core__mpu.a(arm_mpu.c.obj)
 .text.region_allocate_and_init
                0x0000000000009740       0x48 zephyr/arch/arch/arm/core/mpu/libarch__arm__core__mpu.a(arm_mpu.c.obj)
 .text.mpu_configure_regions_and_partition
                0x0000000000009788      0x1c4 zephyr/arch/arch/arm/core/mpu/libarch__arm__core__mpu.a(arm_mpu.c.obj)
 .text.mpu_configure_static_mpu_regions
                0x000000000000994c       0x14 zephyr/arch/arch/arm/core/mpu/libarch__arm__core__mpu.a(arm_mpu.c.obj)
 .text.mpu_configure_regions_from_dt
                0x0000000000009960      0x120 zephyr/arch/arch/arm/core/mpu/libarch__arm__core__mpu.a(arm_mpu.c.obj)
 .text.arm_core_mpu_enable
                0x0000000000009a80       0x18 zephyr/arch/arch/arm/core/mpu/libarch__arm__core__mpu.a(arm_mpu.c.obj)
                0x0000000000009a80                arm_core_mpu_enable
 .text.arm_core_mpu_disable
                0x0000000000009a98       0x14 zephyr/arch/arch/arm/core/mpu/libarch__arm__core__mpu.a(arm_mpu.c.obj)
                0x0000000000009a98                arm_core_mpu_disable
 .text.arm_core_mpu_configure_static_mpu_regions
                0x0000000000009aac       0x44 zephyr/arch/arch/arm/core/mpu/libarch__arm__core__mpu.a(arm_mpu.c.obj)
                0x0000000000009aac                arm_core_mpu_configure_static_mpu_regions
 .text.arm_core_mpu_mark_areas_for_dynamic_regions
                0x0000000000009af0       0x44 zephyr/arch/arch/arm/core/mpu/libarch__arm__core__mpu.a(arm_mpu.c.obj)
                0x0000000000009af0                arm_core_mpu_mark_areas_for_dynamic_regions
 .text.z_arm_mpu_init
                0x0000000000009b34       0xd8 zephyr/arch/arch/arm/core/mpu/libarch__arm__core__mpu.a(arm_mpu.c.obj)
                0x0000000000009b34                z_arm_mpu_init
 .text.cbvprintf
                0x0000000000009c0c       0x34 zephyr/lib/libc/picolibc/liblib__libc__picolibc.a(cbprintf.c.obj)
                0x0000000000009c0c                cbvprintf
 .text.z_impl_zephyr_fputc
                0x0000000000009c40       0x10 zephyr/lib/libc/picolibc/liblib__libc__picolibc.a(stdio.c.obj)
                0x0000000000009c40                z_impl_zephyr_fputc
 .text.__stdout_hook_install
                0x0000000000009c50       0x18 zephyr/lib/libc/picolibc/liblib__libc__picolibc.a(stdio.c.obj)
                0x0000000000009c50                __stdout_hook_install
 .text.malloc_prepare
                0x0000000000009c68       0x24 zephyr/lib/libc/common/liblib__libc__common.a(malloc.c.obj)
 .text.getopt_init
                0x0000000000009c8c       0x48 zephyr/lib/posix/options/liblib__posix__options.a(getopt.c.obj)
                0x0000000000009c8c                getopt_init
 .text.getopt   0x0000000000009cd4      0x130 zephyr/lib/posix/options/liblib__posix__options.a(getopt.c.obj)
                0x0000000000009cd4                getopt
 .text.z_getopt_global_state_update
                0x0000000000009e04       0x34 zephyr/lib/posix/options/liblib__posix__options.a(getopt_common.c.obj)
                0x0000000000009e04                z_getopt_global_state_update
 .text.getopt_state_get
                0x0000000000009e38        0x8 zephyr/lib/posix/options/liblib__posix__options.a(getopt_common.c.obj)
                0x0000000000009e38                getopt_state_get
 .text.pool_id  0x0000000000009e40       0x18 zephyr/lib/net_buf/liblib__net_buf.a(buf.c.obj)
 .text.net_buf_pool_get
                0x0000000000009e58       0x10 zephyr/lib/net_buf/liblib__net_buf.a(buf.c.obj)
                0x0000000000009e58                net_buf_pool_get
 .text.net_buf_reset
                0x0000000000009e68       0x50 zephyr/lib/net_buf/liblib__net_buf.a(buf.c.obj)
                0x0000000000009e68                net_buf_reset
 .text.net_buf_alloc_len
                0x0000000000009eb8      0x1e8 zephyr/lib/net_buf/liblib__net_buf.a(buf.c.obj)
                0x0000000000009eb8                net_buf_alloc_len
 .text.net_buf_unref
                0x000000000000a0a0       0x5c zephyr/lib/net_buf/liblib__net_buf.a(buf.c.obj)
                0x000000000000a0a0                net_buf_unref
 .text.net_buf_clone
                0x000000000000a0fc      0x114 zephyr/lib/net_buf/liblib__net_buf.a(buf.c.obj)
                0x000000000000a0fc                net_buf_clone
 .text.net_buf_simple_add
                0x000000000000a210       0x40 zephyr/lib/net_buf/liblib__net_buf.a(buf_simple.c.obj)
                0x000000000000a210                net_buf_simple_add
 .text.nrfx_coredep_delay_us
                0x000000000000a250       0x2c zephyr/soc/soc/nrf5340/libsoc__nordic.a(soc.c.obj)
 .text.nrf53_anomaly_160_check
                0x000000000000a27c       0x7c zephyr/soc/soc/nrf5340/libsoc__nordic.a(soc.c.obj)
 .text.nrf_gpio_pin_port_decode
                0x000000000000a2f8       0x70 zephyr/soc/soc/nrf5340/libsoc__nordic.a(soc.c.obj)
 .text.nordicsemi_nrf53_init
                0x000000000000a368       0x3c zephyr/soc/soc/nrf5340/libsoc__nordic.a(soc.c.obj)
 .text.rtc_pretick_cpuapp_init
                0x000000000000a3a4       0x64 zephyr/soc/soc/nrf5340/libsoc__nordic.a(soc.c.obj)
 .text.nrf53_cpunet_mgmt_init
                0x000000000000a408       0x14 zephyr/soc/soc/nrf5340/libsoc__nordic.a(nrf53_cpunet_mgmt.c.obj)
 .text.input_process
                0x000000000000a41c       0x64 zephyr/subsys/input/libsubsys__input.a(input.c.obj)
 .text.input_thread
                0x000000000000a480       0x44 zephyr/subsys/input/libsubsys__input.a(input.c.obj)
 .text.input_report
                0x000000000000a4c4       0x78 zephyr/subsys/input/libsubsys__input.a(input.c.obj)
                0x000000000000a4c4                input_report
 .text.longpress_init
                0x000000000000a53c       0x60 zephyr/subsys/input/libsubsys__input.a(input_longpress.c.obj)
 .text._zbus_init
                0x000000000000a59c       0x88 zephyr/subsys/zbus/libsubsys__zbus.a(zbus.c.obj)
                0x000000000000a59c                _zbus_init
 .text.zbus_chan_msg
                0x000000000000a624       0x38 zephyr/subsys/zbus/libsubsys__zbus.a(zbus.c.obj)
 .text.zbus_chan_msg_size
                0x000000000000a65c       0x38 zephyr/subsys/zbus/libsubsys__zbus.a(zbus.c.obj)
 .text.chan_lock
                0x000000000000a694      0x110 zephyr/subsys/zbus/libsubsys__zbus.a(zbus.c.obj)
 .text._zbus_notify_observer
                0x000000000000a7a4       0x84 zephyr/subsys/zbus/libsubsys__zbus.a(zbus.c.obj)
 .text._zbus_vded_exec
                0x000000000000a828      0x22c zephyr/subsys/zbus/libsubsys__zbus.a(zbus.c.obj)
 .text.chan_unlock
                0x000000000000aa54       0x28 zephyr/subsys/zbus/libsubsys__zbus.a(zbus.c.obj)
 .text.zbus_chan_pub
                0x000000000000aa7c       0xd8 zephyr/subsys/zbus/libsubsys__zbus.a(zbus.c.obj)
                0x000000000000aa7c                zbus_chan_pub
 .text.zbus_chan_read
                0x000000000000ab54       0x98 zephyr/subsys/zbus/libsubsys__zbus.a(zbus.c.obj)
                0x000000000000ab54                zbus_chan_read
 .text.zbus_sub_wait
                0x000000000000abec      0x100 zephyr/subsys/zbus/libsubsys__zbus.a(zbus.c.obj)
                0x000000000000abec                zbus_sub_wait
 .text.zbus_chan_add_obs
                0x000000000000acec      0x160 zephyr/subsys/zbus/libsubsys__zbus.a(zbus_runtime_observers.c.obj)
                0x000000000000acec                zbus_chan_add_obs
 .text.get_hf_flags
                0x000000000000ae4c        0x8 zephyr/drivers/clock_control/libdrivers__clock_control.a(clock_control_nrf.c.obj)
 .text.get_subsys
                0x000000000000ae54        0xc zephyr/drivers/clock_control/libdrivers__clock_control.a(clock_control_nrf.c.obj)
 .text.onoff_start
                0x000000000000ae60       0x34 zephyr/drivers/clock_control/libdrivers__clock_control.a(clock_control_nrf.c.obj)
 .text.generic_hfclk_stop
                0x000000000000ae94       0x34 zephyr/drivers/clock_control/libdrivers__clock_control.a(clock_control_nrf.c.obj)
 .text.sys_notify_init_spinwait
                0x000000000000aec8       0x38 zephyr/drivers/clock_control/libdrivers__clock_control.a(clock_control_nrf.c.obj)
 .text.nrf_clock_is_running
                0x000000000000af00       0x84 zephyr/drivers/clock_control/libdrivers__clock_control.a(clock_control_nrf.c.obj)
 .text.generic_hfclk_start
                0x000000000000af84       0x70 zephyr/drivers/clock_control/libdrivers__clock_control.a(clock_control_nrf.c.obj)
 .text.get_status
                0x000000000000aff4       0x38 zephyr/drivers/clock_control/libdrivers__clock_control.a(clock_control_nrf.c.obj)
 .text.stop     0x000000000000b02c       0x54 zephyr/drivers/clock_control/libdrivers__clock_control.a(clock_control_nrf.c.obj)
 .text.onoff_stop
                0x000000000000b080       0x20 zephyr/drivers/clock_control/libdrivers__clock_control.a(clock_control_nrf.c.obj)
 .text.clock_event_handler
                0x000000000000b0a0       0x90 zephyr/drivers/clock_control/libdrivers__clock_control.a(clock_control_nrf.c.obj)
 .text.lfclk_spinwait
                0x000000000000b130       0xd8 zephyr/drivers/clock_control/libdrivers__clock_control.a(clock_control_nrf.c.obj)
 .text.api_blocking_start
                0x000000000000b208       0x3c zephyr/drivers/clock_control/libdrivers__clock_control.a(clock_control_nrf.c.obj)
 .text.clk_init
                0x000000000000b244       0x60 zephyr/drivers/clock_control/libdrivers__clock_control.a(clock_control_nrf.c.obj)
 .text.z_nrf_clock_control_lf_on
                0x000000000000b2a4       0x94 zephyr/drivers/clock_control/libdrivers__clock_control.a(clock_control_nrf.c.obj)
                0x000000000000b2a4                z_nrf_clock_control_lf_on
 .text.rtt_console_init
                0x000000000000b338       0x18 zephyr/drivers/console/libdrivers__console.a(rtt_console.c.obj)
 .text.rtt_console_out
                0x000000000000b350       0x44 zephyr/drivers/console/libdrivers__console.a(rtt_console.c.obj)
 .text.console_out
                0x000000000000b394       0x28 zephyr/drivers/console/libdrivers__console.a(uart_console.c.obj)
 .text.uart_console_hook_install
                0x000000000000b3bc       0x18 zephyr/drivers/console/libdrivers__console.a(uart_console.c.obj)
 .text.uart_console_init
                0x000000000000b3d4       0x1c zephyr/drivers/console/libdrivers__console.a(uart_console.c.obj)
 .text.get_dev  0x000000000000b3f0       0x1c zephyr/drivers/gpio/libdrivers__gpio.a(gpio_nrfx.c.obj)
 .text.gpio_manage_callback
                0x000000000000b40c       0x94 zephyr/drivers/gpio/libdrivers__gpio.a(gpio_nrfx.c.obj)
 .text.nrf_gpio_pin_port_decode
                0x000000000000b4a0       0x70 zephyr/drivers/gpio/libdrivers__gpio.a(gpio_nrfx.c.obj)
 .text.gpio_fire_callbacks
                0x000000000000b510       0x70 zephyr/drivers/gpio/libdrivers__gpio.a(gpio_nrfx.c.obj)
 .text.gpio_nrfx_pin_interrupt_configure
                0x000000000000b580       0xe0 zephyr/drivers/gpio/libdrivers__gpio.a(gpio_nrfx.c.obj)
 .text.gpio_nrfx_pin_configure
                0x000000000000b660      0x1e4 zephyr/drivers/gpio/libdrivers__gpio.a(gpio_nrfx.c.obj)
 .text.gpio_nrfx_init
                0x000000000000b844       0x54 zephyr/drivers/gpio/libdrivers__gpio.a(gpio_nrfx.c.obj)
 .text.gpio_pin_get
                0x000000000000b898       0x58 zephyr/drivers/input/libdrivers__input.a(input_gpio_keys.c.obj)
 .text.z_impl_gpio_pin_configure
                0x000000000000b8f0      0x1a0 zephyr/drivers/input/libdrivers__input.a(input_gpio_keys.c.obj)
 .text.gpio_init_callback
                0x000000000000ba90       0x64 zephyr/drivers/input/libdrivers__input.a(input_gpio_keys.c.obj)
 .text.z_impl_gpio_pin_interrupt_configure
                0x000000000000baf4      0x130 zephyr/drivers/input/libdrivers__input.a(input_gpio_keys.c.obj)
 .text.gpio_keys_poll_pin
                0x000000000000bc24       0x7c zephyr/drivers/input/libdrivers__input.a(input_gpio_keys.c.obj)
 .text.gpio_keys_change_deferred
                0x000000000000bca0       0x24 zephyr/drivers/input/libdrivers__input.a(input_gpio_keys.c.obj)
 .text.gpio_keys_interrupt_configure
                0x000000000000bcc4       0x80 zephyr/drivers/input/libdrivers__input.a(input_gpio_keys.c.obj)
 .text.gpio_keys_init
                0x000000000000bd44      0x1b8 zephyr/drivers/input/libdrivers__input.a(input_gpio_keys.c.obj)
 .text.gpio_pin_set_raw
                0x000000000000befc       0x54 zephyr/drivers/led/libdrivers__led.a(led_gpio.c.obj)
 .text.gpio_pin_set
                0x000000000000bf50       0x54 zephyr/drivers/led/libdrivers__led.a(led_gpio.c.obj)
 .text.z_impl_gpio_pin_configure
                0x000000000000bfa4      0x1a0 zephyr/drivers/led/libdrivers__led.a(led_gpio.c.obj)
 .text.led_gpio_init
                0x000000000000c144      0x208 zephyr/drivers/led/libdrivers__led.a(led_gpio.c.obj)
 .text.led_pwm_set_brightness
                0x000000000000c34c       0x74 zephyr/drivers/led/libdrivers__led.a(led_pwm.c.obj)
 .text.led_pwm_init
                0x000000000000c3c0      0x1ac zephyr/drivers/led/libdrivers__led.a(led_pwm.c.obj)
 .text.ws2812_strip_update_rgb
                0x000000000000c56c       0xcc zephyr/drivers/led_strip/libdrivers__led_strip.a(ws2812_spi.c.obj)
 .text.ws2812_spi_init
                0x000000000000c638      0x1ac zephyr/drivers/led_strip/libdrivers__led_strip.a(ws2812_spi.c.obj)
 .text.nrf_gpio_pin_port_decode
                0x000000000000c7e4       0x70 zephyr/drivers/pinctrl/libdrivers__pinctrl.a(pinctrl_nrf.c.obj)
 .text.nrf_gpio_cfg
                0x000000000000c854       0x44 zephyr/drivers/pinctrl/libdrivers__pinctrl.a(pinctrl_nrf.c.obj)
 .text.pinctrl_configure_pins
                0x000000000000c898      0x254 zephyr/drivers/pinctrl/libdrivers__pinctrl.a(pinctrl_nrf.c.obj)
                0x000000000000c898                pinctrl_configure_pins
 .text.nrf_pwm_configure
                0x000000000000caec       0x3c zephyr/drivers/pwm/libdrivers__pwm.a(pwm_nrfx.c.obj)
 .text.nrf_pwm_pin_get
                0x000000000000cb28       0x38 zephyr/drivers/pwm/libdrivers__pwm.a(pwm_nrfx.c.obj)
 .text.nrf_gpio_pin_port_decode
                0x000000000000cb60       0x70 zephyr/drivers/pwm/libdrivers__pwm.a(pwm_nrfx.c.obj)
 .text.pwm_period_check_and_set
                0x000000000000cbd0       0x84 zephyr/drivers/pwm/libdrivers__pwm.a(pwm_nrfx.c.obj)
 .text.pwm_nrfx_set_cycles
                0x000000000000cc54      0x234 zephyr/drivers/pwm/libdrivers__pwm.a(pwm_nrfx.c.obj)
 .text.pwm_nrfx_init
                0x000000000000ce88       0xf0 zephyr/drivers/pwm/libdrivers__pwm.a(pwm_nrfx.c.obj)
 .text.uarte_nrfx_poll_out
                0x000000000000cf78       0x80 zephyr/drivers/serial/libdrivers__serial.a(uart_nrfx_uarte.c.obj)
 .text.endtx_stoptx_ppi_init
                0x000000000000cff8       0x58 zephyr/drivers/serial/libdrivers__serial.a(uart_nrfx_uarte.c.obj)
 .text.uarte_instance_init
                0x000000000000d050       0x40 zephyr/drivers/serial/libdrivers__serial.a(uart_nrfx_uarte.c.obj)
 .text.get_nrf_spim_frequency
                0x000000000000d090       0x8c zephyr/drivers/spi/libdrivers__spi.a(spi_nrfx_spim.c.obj)
 .text.gpio_pin_set_raw
                0x000000000000d11c       0x54 zephyr/drivers/spi/libdrivers__spi.a(spi_nrfx_spim.c.obj)
 .text.gpio_pin_set
                0x000000000000d170       0x54 zephyr/drivers/spi/libdrivers__spi.a(spi_nrfx_spim.c.obj)
 .text.nrf_gpio_pin_port_decode
                0x000000000000d1c4       0x70 zephyr/drivers/spi/libdrivers__spi.a(spi_nrfx_spim.c.obj)
 .text.z_impl_gpio_pin_configure
                0x000000000000d234      0x1a0 zephyr/drivers/spi/libdrivers__spi.a(spi_nrfx_spim.c.obj)
 .text.spi_context_wait_for_completion
                0x000000000000d3d4       0xa0 zephyr/drivers/spi/libdrivers__spi.a(spi_nrfx_spim.c.obj)
 .text.configure
                0x000000000000d474      0x294 zephyr/drivers/spi/libdrivers__spi.a(spi_nrfx_spim.c.obj)
 .text.transfer_next_chunk
                0x000000000000d708       0xc4 zephyr/drivers/spi/libdrivers__spi.a(spi_nrfx_spim.c.obj)
 .text.event_handler
                0x000000000000d7cc       0xe4 zephyr/drivers/spi/libdrivers__spi.a(spi_nrfx_spim.c.obj)
 .text.transceive
                0x000000000000d8b0       0xd4 zephyr/drivers/spi/libdrivers__spi.a(spi_nrfx_spim.c.obj)
 .text.spi_context_cs_configure_all
                0x000000000000d984      0x104 zephyr/drivers/spi/libdrivers__spi.a(spi_nrfx_spim.c.obj)
 .text.spi_nrfx_init
                0x000000000000da88       0x90 zephyr/drivers/spi/libdrivers__spi.a(spi_nrfx_spim.c.obj)
 .text.nrf_gpio_pin_port_decode
                0x000000000000db18       0x70 zephyr/drivers/spi/libdrivers__spi.a(spi_nrfx_common.c.obj)
 .text.nrf_gpio_cfg
                0x000000000000db88       0x44 zephyr/drivers/spi/libdrivers__spi.a(spi_nrfx_common.c.obj)
 .text.spi_nrfx_wake_init
                0x000000000000dbcc       0x64 zephyr/drivers/spi/libdrivers__spi.a(spi_nrfx_common.c.obj)
                0x000000000000dbcc                spi_nrfx_wake_init
 .text.set_comparator
                0x000000000000dc30       0x14 zephyr/drivers/timer/libdrivers__timer.a(nrf_rtc_timer.c.obj)
 .text.event_enable
                0x000000000000dc44       0x14 zephyr/drivers/timer/libdrivers__timer.a(nrf_rtc_timer.c.obj)
 .text.event_disable
                0x000000000000dc58       0x14 zephyr/drivers/timer/libdrivers__timer.a(nrf_rtc_timer.c.obj)
 .text.counter  0x000000000000dc6c        0xc zephyr/drivers/timer/libdrivers__timer.a(nrf_rtc_timer.c.obj)
 .text.set_alarm
                0x000000000000dc78       0x88 zephyr/drivers/timer/libdrivers__timer.a(nrf_rtc_timer.c.obj)
 .text.int_event_disable_rtc
                0x000000000000dd00       0x18 zephyr/drivers/timer/libdrivers__timer.a(nrf_rtc_timer.c.obj)
 .text.nrf_rtc_prescaler_set
                0x000000000000dd18       0x34 zephyr/drivers/timer/libdrivers__timer.a(nrf_rtc_timer.c.obj)
 .text.channel_processing_check_and_clear
                0x000000000000dd4c       0x58 zephyr/drivers/timer/libdrivers__timer.a(nrf_rtc_timer.c.obj)
 .text.compare_int_lock
                0x000000000000dda4       0x44 zephyr/drivers/timer/libdrivers__timer.a(nrf_rtc_timer.c.obj)
 .text.sys_clock_timeout_handler
                0x000000000000dde8       0x50 zephyr/drivers/timer/libdrivers__timer.a(nrf_rtc_timer.c.obj)
 .text.compare_int_unlock
                0x000000000000de38       0x50 zephyr/drivers/timer/libdrivers__timer.a(nrf_rtc_timer.c.obj)
 .text.z_nrf_rtc_timer_read
                0x000000000000de88       0x40 zephyr/drivers/timer/libdrivers__timer.a(nrf_rtc_timer.c.obj)
                0x000000000000de88                z_nrf_rtc_timer_read
 .text.process_channel
                0x000000000000dec8       0x7c zephyr/drivers/timer/libdrivers__timer.a(nrf_rtc_timer.c.obj)
 .text.rtc_nrf_isr
                0x000000000000df44       0x40 zephyr/drivers/timer/libdrivers__timer.a(nrf_rtc_timer.c.obj)
                0x000000000000df44                rtc_nrf_isr
 .text.compare_set_nolocks
                0x000000000000df84       0xa4 zephyr/drivers/timer/libdrivers__timer.a(nrf_rtc_timer.c.obj)
 .text.sys_clock_driver_init
                0x000000000000e028       0x9c zephyr/drivers/timer/libdrivers__timer.a(nrf_rtc_timer.c.obj)
 .text.sys_clock_set_timeout
                0x000000000000e0c4       0x74 zephyr/drivers/timer/libdrivers__timer.a(nrf_rtc_timer.c.obj)
                0x000000000000e0c4                sys_clock_set_timeout
 .text.sys_clock_elapsed
                0x000000000000e138       0x14 zephyr/drivers/timer/libdrivers__timer.a(nrf_rtc_timer.c.obj)
                0x000000000000e138                sys_clock_elapsed
 .text.SystemInit
                0x000000000000e14c      0x1a0 modules/hal_nordic/modules/hal_nordic/nrfx/libmodules__hal_nordic__nrfx.a(system_nrf5340_application.c.obj)
                0x000000000000e14c                SystemInit
 .text.nrfx_flag32_alloc
                0x000000000000e2ec       0x40 modules/hal_nordic/modules/hal_nordic/nrfx/libmodules__hal_nordic__nrfx.a(nrfx_flag32_allocator.c.obj)
                0x000000000000e2ec                nrfx_flag32_alloc
 .text.nrfx_flag32_free
                0x000000000000e32c       0x3c modules/hal_nordic/modules/hal_nordic/nrfx/libmodules__hal_nordic__nrfx.a(nrfx_flag32_allocator.c.obj)
                0x000000000000e32c                nrfx_flag32_free
 .text.nrfx_gppi_channels_enable
                0x000000000000e368        0xc modules/hal_nordic/modules/hal_nordic/nrfx/libmodules__hal_nordic__nrfx.a(nrfx_gppi_dppi.c.obj)
                0x000000000000e368                nrfx_gppi_channels_enable
 .text.nrfx_gppi_event_endpoint_setup
                0x000000000000e374       0x30 modules/hal_nordic/modules/hal_nordic/nrfx/libmodules__hal_nordic__nrfx.a(nrfx_gppi_dppi.c.obj)
                0x000000000000e374                nrfx_gppi_event_endpoint_setup
 .text.nrfx_gppi_task_endpoint_setup
                0x000000000000e3a4       0x30 modules/hal_nordic/modules/hal_nordic/nrfx/libmodules__hal_nordic__nrfx.a(nrfx_gppi_dppi.c.obj)
                0x000000000000e3a4                nrfx_gppi_task_endpoint_setup
 .text.nrfx_gppi_channel_alloc
                0x000000000000e3d4       0x10 modules/hal_nordic/modules/hal_nordic/nrfx/libmodules__hal_nordic__nrfx.a(nrfx_gppi_dppi.c.obj)
                0x000000000000e3d4                nrfx_gppi_channel_alloc
 .text.nrf_clock_is_running
                0x000000000000e3e4       0x84 modules/hal_nordic/modules/hal_nordic/nrfx/libmodules__hal_nordic__nrfx.a(nrfx_clock.c.obj)
 .text.clock_stop
                0x000000000000e468       0xb4 modules/hal_nordic/modules/hal_nordic/nrfx/libmodules__hal_nordic__nrfx.a(nrfx_clock.c.obj)
 .text.nrfx_clock_init
                0x000000000000e51c       0x24 modules/hal_nordic/modules/hal_nordic/nrfx/libmodules__hal_nordic__nrfx.a(nrfx_clock.c.obj)
                0x000000000000e51c                nrfx_clock_init
 .text.nrfx_clock_enable
                0x000000000000e540       0x54 modules/hal_nordic/modules/hal_nordic/nrfx/libmodules__hal_nordic__nrfx.a(nrfx_clock.c.obj)
                0x000000000000e540                nrfx_clock_enable
 .text.nrfx_clock_start
                0x000000000000e594      0x14c modules/hal_nordic/modules/hal_nordic/nrfx/libmodules__hal_nordic__nrfx.a(nrfx_clock.c.obj)
                0x000000000000e594                nrfx_clock_start
 .text.nrfx_clock_stop
                0x000000000000e6e0       0x38 modules/hal_nordic/modules/hal_nordic/nrfx/libmodules__hal_nordic__nrfx.a(nrfx_clock.c.obj)
                0x000000000000e6e0                nrfx_clock_stop
 .text.nrfx_power_clock_irq_handler
                0x000000000000e718       0xb8 modules/hal_nordic/modules/hal_nordic/nrfx/libmodules__hal_nordic__nrfx.a(nrfx_clock.c.obj)
                0x000000000000e718                nrfx_power_clock_irq_handler
 .text.dppi_channel_alloc
                0x000000000000e7d0       0x14 modules/hal_nordic/modules/hal_nordic/nrfx/libmodules__hal_nordic__nrfx.a(nrfx_dppi.c.obj)
 .text.nrf_gpio_latches_read_and_clear
                0x000000000000e7e4       0x40 modules/hal_nordic/modules/hal_nordic/nrfx/libmodules__hal_nordic__nrfx.a(nrfx_gpiote.c.obj)
 .text.get_pin_idx
                0x000000000000e824       0x14 modules/hal_nordic/modules/hal_nordic/nrfx/libmodules__hal_nordic__nrfx.a(nrfx_gpiote.c.obj)
 .text.get_cb   0x000000000000e838        0x8 modules/hal_nordic/modules/hal_nordic/nrfx/libmodules__hal_nordic__nrfx.a(nrfx_gpiote.c.obj)
 .text.latch_pending_read_and_check
                0x000000000000e840       0x50 modules/hal_nordic/modules/hal_nordic/nrfx/libmodules__hal_nordic__nrfx.a(nrfx_gpiote.c.obj)
 .text.nrf_gpio_pin_port_decode
                0x000000000000e890       0x70 modules/hal_nordic/modules/hal_nordic/nrfx/libmodules__hal_nordic__nrfx.a(nrfx_gpiote.c.obj)
 .text.gpiote_output_configure
                0x000000000000e900       0xfc modules/hal_nordic/modules/hal_nordic/nrfx/libmodules__hal_nordic__nrfx.a(nrfx_gpiote.c.obj)
 .text.nrf_gpio_cfg_default
                0x000000000000e9fc       0x2c modules/hal_nordic/modules/hal_nordic/nrfx/libmodules__hal_nordic__nrfx.a(nrfx_gpiote.c.obj)
 .text.gpiote_channel_get
                0x000000000000ea28       0x60 modules/hal_nordic/modules/hal_nordic/nrfx/libmodules__hal_nordic__nrfx.a(nrfx_gpiote.c.obj)
 .text.nrf_gpiote_in_event_get
                0x000000000000ea88       0x34 modules/hal_nordic/modules/hal_nordic/nrfx/libmodules__hal_nordic__nrfx.a(nrfx_gpiote.c.obj)
 .text.pin_trigger_enable
                0x000000000000eabc       0xc4 modules/hal_nordic/modules/hal_nordic/nrfx/libmodules__hal_nordic__nrfx.a(nrfx_gpiote.c.obj)
 .text.pin_in_event_get
                0x000000000000eb80       0xa4 modules/hal_nordic/modules/hal_nordic/nrfx/libmodules__hal_nordic__nrfx.a(nrfx_gpiote.c.obj)
 .text.release_handler
                0x000000000000ec24       0x84 modules/hal_nordic/modules/hal_nordic/nrfx/libmodules__hal_nordic__nrfx.a(nrfx_gpiote.c.obj)
 .text.pin_handler_set
                0x000000000000eca8       0x88 modules/hal_nordic/modules/hal_nordic/nrfx/libmodules__hal_nordic__nrfx.a(nrfx_gpiote.c.obj)
 .text.gpiote_input_configure
                0x000000000000ed30      0x170 modules/hal_nordic/modules/hal_nordic/nrfx/libmodules__hal_nordic__nrfx.a(nrfx_gpiote.c.obj)
 .text.pin_uninit
                0x000000000000eea0       0x34 modules/hal_nordic/modules/hal_nordic/nrfx/libmodules__hal_nordic__nrfx.a(nrfx_gpiote.c.obj)
 .text.gpiote_init
                0x000000000000eed4       0x80 modules/hal_nordic/modules/hal_nordic/nrfx/libmodules__hal_nordic__nrfx.a(nrfx_gpiote.c.obj)
 .text.port_event_handle
                0x000000000000ef54       0xc4 modules/hal_nordic/modules/hal_nordic/nrfx/libmodules__hal_nordic__nrfx.a(nrfx_gpiote.c.obj)
 .text.nrfx_gpiote_0_irq_handler
                0x000000000000f018       0x14 modules/hal_nordic/modules/hal_nordic/nrfx/libmodules__hal_nordic__nrfx.a(nrfx_gpiote.c.obj)
                0x000000000000f018                nrfx_gpiote_0_irq_handler
 .text.pwm_stopped_check
                0x000000000000f02c       0x48 modules/hal_nordic/modules/hal_nordic/nrfx/libmodules__hal_nordic__nrfx.a(nrfx_pwm.c.obj)
 .text.nrf_gpio_pin_port_decode
                0x000000000000f074       0x70 modules/hal_nordic/modules/hal_nordic/nrfx/libmodules__hal_nordic__nrfx.a(nrfx_pwm.c.obj)
 .text.nrf_gpio_cfg_output
                0x000000000000f0e4       0x2c modules/hal_nordic/modules/hal_nordic/nrfx/libmodules__hal_nordic__nrfx.a(nrfx_pwm.c.obj)
 .text.nrf_pwm_configure
                0x000000000000f110       0x3c modules/hal_nordic/modules/hal_nordic/nrfx/libmodules__hal_nordic__nrfx.a(nrfx_pwm.c.obj)
 .text.nrf_pwm_seq_ptr_set
                0x000000000000f14c       0x54 modules/hal_nordic/modules/hal_nordic/nrfx/libmodules__hal_nordic__nrfx.a(nrfx_pwm.c.obj)
 .text.nrf_pwm_seq_cnt_set
                0x000000000000f1a0       0x7c modules/hal_nordic/modules/hal_nordic/nrfx/libmodules__hal_nordic__nrfx.a(nrfx_pwm.c.obj)
 .text.nrf_pwm_seq_refresh_set
                0x000000000000f21c       0x5c modules/hal_nordic/modules/hal_nordic/nrfx/libmodules__hal_nordic__nrfx.a(nrfx_pwm.c.obj)
 .text.nrf_pwm_seq_end_delay_set
                0x000000000000f278       0x5c modules/hal_nordic/modules/hal_nordic/nrfx/libmodules__hal_nordic__nrfx.a(nrfx_pwm.c.obj)
 .text.nrf_pwm_sequence_set
                0x000000000000f2d4       0x58 modules/hal_nordic/modules/hal_nordic/nrfx/libmodules__hal_nordic__nrfx.a(nrfx_pwm.c.obj)
 .text.nrf_pwm_seqstart_task_get
                0x000000000000f32c       0x38 modules/hal_nordic/modules/hal_nordic/nrfx/libmodules__hal_nordic__nrfx.a(nrfx_pwm.c.obj)
 .text.nrfx_pwm_init
                0x000000000000f364       0x54 modules/hal_nordic/modules/hal_nordic/nrfx/libmodules__hal_nordic__nrfx.a(nrfx_pwm.c.obj)
                0x000000000000f364                nrfx_pwm_init
 .text.nrfx_pwm_simple_playback
                0x000000000000f3b8       0xec modules/hal_nordic/modules/hal_nordic/nrfx/libmodules__hal_nordic__nrfx.a(nrfx_pwm.c.obj)
                0x000000000000f3b8                nrfx_pwm_simple_playback
 .text.nrfx_pwm_stop
                0x000000000000f4a4       0x78 modules/hal_nordic/modules/hal_nordic/nrfx/libmodules__hal_nordic__nrfx.a(nrfx_pwm.c.obj)
                0x000000000000f4a4                nrfx_pwm_stop
 .text.nrfx_pwm_stopped_check
                0x000000000000f51c       0x44 modules/hal_nordic/modules/hal_nordic/nrfx/libmodules__hal_nordic__nrfx.a(nrfx_pwm.c.obj)
                0x000000000000f51c                nrfx_pwm_stopped_check
 .text.nrfx_pwm_0_irq_handler
                0x000000000000f560       0x14 modules/hal_nordic/modules/hal_nordic/nrfx/libmodules__hal_nordic__nrfx.a(nrfx_pwm.c.obj)
                0x000000000000f560                nrfx_pwm_0_irq_handler
 .text.nrfx_pwm_1_irq_handler
                0x000000000000f574       0x14 modules/hal_nordic/modules/hal_nordic/nrfx/libmodules__hal_nordic__nrfx.a(nrfx_pwm.c.obj)
                0x000000000000f574                nrfx_pwm_1_irq_handler
 .text.spim_frequency_valid_check
                0x000000000000f588       0x94 modules/hal_nordic/modules/hal_nordic/nrfx/libmodules__hal_nordic__nrfx.a(nrfx_spim.c.obj)
 .text.spim_configuration_verify
                0x000000000000f61c       0xe0 modules/hal_nordic/modules/hal_nordic/nrfx/libmodules__hal_nordic__nrfx.a(nrfx_spim.c.obj)
 .text.spim_frequency_bit_decode
                0x000000000000f6fc       0xc0 modules/hal_nordic/modules/hal_nordic/nrfx/libmodules__hal_nordic__nrfx.a(nrfx_spim.c.obj)
 .text.nrf_gpio_pin_port_decode
                0x000000000000f7bc       0x70 modules/hal_nordic/modules/hal_nordic/nrfx/libmodules__hal_nordic__nrfx.a(nrfx_spim.c.obj)
 .text.nrf_gpio_cfg
                0x000000000000f82c       0x44 modules/hal_nordic/modules/hal_nordic/nrfx/libmodules__hal_nordic__nrfx.a(nrfx_spim.c.obj)
 .text.configure_pins
                0x000000000000f870       0x98 modules/hal_nordic/modules/hal_nordic/nrfx/libmodules__hal_nordic__nrfx.a(nrfx_spim.c.obj)
 .text.nrf_gpio_cfg_default
                0x000000000000f908       0x2c modules/hal_nordic/modules/hal_nordic/nrfx/libmodules__hal_nordic__nrfx.a(nrfx_spim.c.obj)
 .text.spim_configure
                0x000000000000f934      0x110 modules/hal_nordic/modules/hal_nordic/nrfx/libmodules__hal_nordic__nrfx.a(nrfx_spim.c.obj)
 .text.spim_xfer
                0x000000000000fa44       0xf0 modules/hal_nordic/modules/hal_nordic/nrfx/libmodules__hal_nordic__nrfx.a(nrfx_spim.c.obj)
 .text.irq_handler
                0x000000000000fb34       0x48 modules/hal_nordic/modules/hal_nordic/nrfx/libmodules__hal_nordic__nrfx.a(nrfx_spim.c.obj)
 .text.nrfx_spim_init
                0x000000000000fb7c       0x98 modules/hal_nordic/modules/hal_nordic/nrfx/libmodules__hal_nordic__nrfx.a(nrfx_spim.c.obj)
                0x000000000000fb7c                nrfx_spim_init
 .text.nrfx_spim_uninit
                0x000000000000fc14       0xe4 modules/hal_nordic/modules/hal_nordic/nrfx/libmodules__hal_nordic__nrfx.a(nrfx_spim.c.obj)
                0x000000000000fc14                nrfx_spim_uninit
 .text.nrfx_spim_xfer
                0x000000000000fcf8      0x15c modules/hal_nordic/modules/hal_nordic/nrfx/libmodules__hal_nordic__nrfx.a(nrfx_spim.c.obj)
                0x000000000000fcf8                nrfx_spim_xfer
 .text.nrfx_spim_4_irq_handler
                0x000000000000fe54       0x14 modules/hal_nordic/modules/hal_nordic/nrfx/libmodules__hal_nordic__nrfx.a(nrfx_spim.c.obj)
                0x000000000000fe54                nrfx_spim_4_irq_handler
 .text._DoInit  0x000000000000fe68       0x64 modules/segger/libmodules__segger.a(SEGGER_RTT.c.obj)
 .text.SEGGER_RTT_StrongCheckInit
                0x000000000000fecc       0x38 modules/segger/libmodules__segger.a(SEGGER_RTT.c.obj)
 .text.SEGGER_RTT_ReadNoLock
                0x000000000000ff04       0xa4 modules/segger/libmodules__segger.a(SEGGER_RTT.c.obj)
                0x000000000000ff04                SEGGER_RTT_ReadNoLock
 .text.SEGGER_RTT_WriteSkipNoLock
                0x000000000000ffa8       0xd0 modules/segger/libmodules__segger.a(SEGGER_RTT.c.obj)
                0x000000000000ffa8                SEGGER_RTT_WriteSkipNoLock
 .text.SEGGER_RTT_WriteNoLock
                0x0000000000010078       0x6c modules/segger/libmodules__segger.a(SEGGER_RTT.c.obj)
                0x0000000000010078                SEGGER_RTT_WriteNoLock
 .text.SEGGER_RTT_Write
                0x00000000000100e4       0x38 modules/segger/libmodules__segger.a(SEGGER_RTT.c.obj)
                0x00000000000100e4                SEGGER_RTT_Write
 .text.SEGGER_RTT_HasData
                0x000000000001011c       0x20 modules/segger/libmodules__segger.a(SEGGER_RTT.c.obj)
                0x000000000001011c                SEGGER_RTT_HasData
 .text.SEGGER_RTT_HasDataUp
                0x000000000001013c       0x20 modules/segger/libmodules__segger.a(SEGGER_RTT.c.obj)
                0x000000000001013c                SEGGER_RTT_HasDataUp
 .text.z_device_state_init
                0x000000000001015c       0x4c zephyr/kernel/libkernel.a(device.c.obj)
                0x000000000001015c                z_device_state_init
 .text.z_device_get_all_static
                0x00000000000101a8       0x20 zephyr/kernel/libkernel.a(device.c.obj)
                0x00000000000101a8                z_device_get_all_static
 .text.reason_to_str
                0x00000000000101c8       0x40 zephyr/kernel/libkernel.a(fatal.c.obj)
 .text.thread_name_get
                0x0000000000010208       0x20 zephyr/kernel/libkernel.a(fatal.c.obj)
 .text.k_sys_fatal_error_handler
                0x0000000000010228       0x2c zephyr/kernel/libkernel.a(fatal.c.obj)
                0x0000000000010228                k_sys_fatal_error_handler
 .text.z_fatal_error
                0x0000000000010254      0x274 zephyr/kernel/libkernel.a(fatal.c.obj)
                0x0000000000010254                z_fatal_error
 .text.z_sys_init_run_level
                0x00000000000104c8       0x34 zephyr/kernel/libkernel.a(init.c.obj)
 .text.init_idle_thread
                0x00000000000104fc       0x60 zephyr/kernel/libkernel.a(init.c.obj)
 .text.thread_schedule_new
                0x000000000001055c       0x1c zephyr/kernel/libkernel.a(init.c.obj)
 .text.z_init_static_threads
                0x0000000000010578       0xc4 zephyr/kernel/libkernel.a(init.c.obj)
 .text.bg_thread_main
                0x000000000001063c       0x38 zephyr/kernel/libkernel.a(init.c.obj)
 .text.switch_to_main_thread
                0x0000000000010674       0x14 zephyr/kernel/libkernel.a(init.c.obj)
 .text.z_bss_zero
                0x0000000000010688       0x18 zephyr/kernel/libkernel.a(init.c.obj)
                0x0000000000010688                z_bss_zero
 .text.z_init_cpu
                0x00000000000106a0       0x4c zephyr/kernel/libkernel.a(init.c.obj)
                0x00000000000106a0                z_init_cpu
 .text.prepare_multithreading
                0x00000000000106ec       0x60 zephyr/kernel/libkernel.a(init.c.obj)
 .text.z_cstart
                0x000000000001074c       0x90 zephyr/kernel/libkernel.a(init.c.obj)
                0x000000000001074c                z_cstart
 .text.statics_init
                0x00000000000107dc       0x58 zephyr/kernel/libkernel.a(kheap.c.obj)
 .text.k_heap_aligned_alloc
                0x0000000000010834      0x16c zephyr/kernel/libkernel.a(kheap.c.obj)
                0x0000000000010834                k_heap_aligned_alloc
 .text.k_heap_free
                0x00000000000109a0       0xac zephyr/kernel/libkernel.a(kheap.c.obj)
                0x00000000000109a0                k_heap_free
 .text.unpend_thread_no_timeout
                0x0000000000010a4c       0x44 zephyr/kernel/libkernel.a(mem_slab.c.obj)
 .text.init_mem_slab_obj_core_list
                0x0000000000010a90       0x58 zephyr/kernel/libkernel.a(mem_slab.c.obj)
 .text.k_mem_slab_alloc
                0x0000000000010ae8      0x124 zephyr/kernel/libkernel.a(mem_slab.c.obj)
                0x0000000000010ae8                k_mem_slab_alloc
 .text.k_mem_slab_free
                0x0000000000010c0c      0x168 zephyr/kernel/libkernel.a(mem_slab.c.obj)
                0x0000000000010c0c                k_mem_slab_free
 .text.idle     0x0000000000010d74       0x48 zephyr/kernel/libkernel.a(idle.c.obj)
                0x0000000000010d74                idle
 .text.arch_spin_relax
                0x0000000000010dbc       0x44 zephyr/kernel/libkernel.a(idle.c.obj)
                0x0000000000010dbc                arch_spin_relax
 .text.unpend_thread_no_timeout
                0x0000000000010e00       0x44 zephyr/kernel/libkernel.a(msg_q.c.obj)
 .text.z_impl_k_msgq_put
                0x0000000000010e44      0x1bc zephyr/kernel/libkernel.a(msg_q.c.obj)
                0x0000000000010e44                z_impl_k_msgq_put
 .text.z_impl_k_msgq_get
                0x0000000000011000      0x1f0 zephyr/kernel/libkernel.a(msg_q.c.obj)
                0x0000000000011000                z_impl_k_msgq_get
 .text.unpend_thread_no_timeout
                0x00000000000111f0       0x44 zephyr/kernel/libkernel.a(mutex.c.obj)
 .text.z_impl_k_mutex_lock
                0x0000000000011234      0x230 zephyr/kernel/libkernel.a(mutex.c.obj)
                0x0000000000011234                z_impl_k_mutex_lock
 .text.z_impl_k_mutex_unlock
                0x0000000000011464      0x19c zephyr/kernel/libkernel.a(mutex.c.obj)
                0x0000000000011464                z_impl_k_mutex_unlock
 .text.unpend_thread_no_timeout
                0x0000000000011600       0x44 zephyr/kernel/libkernel.a(queue.c.obj)
 .text.queue_insert
                0x0000000000011644      0x16c zephyr/kernel/libkernel.a(queue.c.obj)
 .text.z_impl_k_queue_get
                0x00000000000117b0      0x11c zephyr/kernel/libkernel.a(queue.c.obj)
                0x00000000000117b0                z_impl_k_queue_get
 .text.unpend_thread_no_timeout
                0x00000000000118cc       0x44 zephyr/kernel/libkernel.a(sem.c.obj)
 .text.z_impl_k_sem_give
                0x0000000000011910       0xf0 zephyr/kernel/libkernel.a(sem.c.obj)
                0x0000000000011910                z_impl_k_sem_give
 .text.z_impl_k_sem_take
                0x0000000000011a00      0x124 zephyr/kernel/libkernel.a(sem.c.obj)
                0x0000000000011a00                z_impl_k_sem_take
 .text.z_impl_k_sem_reset
                0x0000000000011b24       0xdc zephyr/kernel/libkernel.a(sem.c.obj)
                0x0000000000011b24                z_impl_k_sem_reset
 .text.k_sys_work_q_init
                0x0000000000011c00       0x38 zephyr/kernel/libkernel.a(system_work_q.c.obj)
 .text.queue_submit_locked
                0x0000000000011c38       0x7c zephyr/kernel/libkernel.a(work.c.obj)
 .text.submit_to_queue_locked
                0x0000000000011cb4       0x88 zephyr/kernel/libkernel.a(work.c.obj)
 .text.work_timeout
                0x0000000000011d3c       0xbc zephyr/kernel/libkernel.a(work.c.obj)
 .text.finalize_cancel_locked
                0x0000000000011df8       0x5c zephyr/kernel/libkernel.a(work.c.obj)
 .text.work_queue_main
                0x0000000000011e54      0x230 zephyr/kernel/libkernel.a(work.c.obj)
 .text.schedule_for_queue_locked
                0x0000000000012084       0x34 zephyr/kernel/libkernel.a(work.c.obj)
 .text.z_work_submit_to_queue
                0x00000000000120b8       0xe8 zephyr/kernel/libkernel.a(work.c.obj)
                0x00000000000120b8                z_work_submit_to_queue
 .text.k_work_queue_start
                0x00000000000121a0      0x100 zephyr/kernel/libkernel.a(work.c.obj)
                0x00000000000121a0                k_work_queue_start
 .text.k_work_init_delayable
                0x00000000000122a0       0x60 zephyr/kernel/libkernel.a(work.c.obj)
                0x00000000000122a0                k_work_init_delayable
 .text.k_work_schedule_for_queue
                0x0000000000012300       0xfc zephyr/kernel/libkernel.a(work.c.obj)
                0x0000000000012300                k_work_schedule_for_queue
 .text.k_work_schedule
                0x00000000000123fc       0x10 zephyr/kernel/libkernel.a(work.c.obj)
                0x00000000000123fc                k_work_schedule
 .text.k_work_reschedule_for_queue
                0x000000000001240c       0xf8 zephyr/kernel/libkernel.a(work.c.obj)
                0x000000000001240c                k_work_reschedule_for_queue
 .text.k_work_reschedule
                0x0000000000012504       0x10 zephyr/kernel/libkernel.a(work.c.obj)
                0x0000000000012504                k_work_reschedule
 .text.k_work_cancel_delayable
                0x0000000000012514       0xc0 zephyr/kernel/libkernel.a(work.c.obj)
                0x0000000000012514                k_work_cancel_delayable
 .text.thread_schedule_new
                0x00000000000125d4       0x1c zephyr/kernel/libkernel.a(thread.c.obj)
 .text.z_impl_k_thread_name_set
                0x00000000000125f0       0x24 zephyr/kernel/libkernel.a(thread.c.obj)
                0x00000000000125f0                z_impl_k_thread_name_set
 .text.k_thread_state_str
                0x0000000000012614       0x78 zephyr/kernel/libkernel.a(thread.c.obj)
                0x0000000000012614                k_thread_state_str
 .text.z_check_stack_sentinel
                0x000000000001268c       0x34 zephyr/kernel/libkernel.a(thread.c.obj)
                0x000000000001268c                z_check_stack_sentinel
 .text.z_setup_new_thread
                0x00000000000126c0      0x1a0 zephyr/kernel/libkernel.a(thread.c.obj)
                0x00000000000126c0                z_setup_new_thread
 .text.z_impl_k_thread_create
                0x0000000000012860       0x7c zephyr/kernel/libkernel.a(thread.c.obj)
                0x0000000000012860                z_impl_k_thread_create
 .text.z_thread_mark_switched_in
                0x00000000000128dc       0x10 zephyr/kernel/libkernel.a(thread.c.obj)
                0x00000000000128dc                z_thread_mark_switched_in
 .text.unpend_thread_no_timeout
                0x00000000000128ec       0x44 zephyr/kernel/libkernel.a(sched.c.obj)
 .text.z_sched_lock
                0x0000000000012930       0x68 zephyr/kernel/libkernel.a(sched.c.obj)
 .text.ready_thread
                0x0000000000012998      0x110 zephyr/kernel/libkernel.a(sched.c.obj)
 .text.unready_thread
                0x0000000000012aa8       0xbc zephyr/kernel/libkernel.a(sched.c.obj)
 .text.z_swap_irqlock
                0x0000000000012b64       0x3c zephyr/kernel/libkernel.a(sched.c.obj)
 .text.z_dummy_thread_init
                0x0000000000012ba0       0x24 zephyr/kernel/libkernel.a(sched.c.obj)
 .text.thread_halt_spin
                0x0000000000012bc4      0x168 zephyr/kernel/libkernel.a(sched.c.obj)
 .text.add_thread_timeout
                0x0000000000012d2c       0x20 zephyr/kernel/libkernel.a(sched.c.obj)
 .text.move_thread_to_end_of_prio_q
                0x0000000000012d4c      0x138 zephyr/kernel/libkernel.a(sched.c.obj)
                0x0000000000012d4c                move_thread_to_end_of_prio_q
 .text.z_ready_thread
                0x0000000000012e84       0xa8 zephyr/kernel/libkernel.a(sched.c.obj)
                0x0000000000012e84                z_ready_thread
 .text.z_unpend_thread_no_timeout
                0x0000000000012f2c       0xa4 zephyr/kernel/libkernel.a(sched.c.obj)
                0x0000000000012f2c                z_unpend_thread_no_timeout
 .text.z_sched_wake_thread
                0x0000000000012fd0       0xbc zephyr/kernel/libkernel.a(sched.c.obj)
                0x0000000000012fd0                z_sched_wake_thread
 .text.z_pend_curr
                0x000000000001308c      0x100 zephyr/kernel/libkernel.a(sched.c.obj)
                0x000000000001308c                z_pend_curr
 .text.z_unpend1_no_timeout
                0x000000000001318c       0xb0 zephyr/kernel/libkernel.a(sched.c.obj)
                0x000000000001318c                z_unpend1_no_timeout
 .text.z_thread_prio_set
                0x000000000001323c      0x184 zephyr/kernel/libkernel.a(sched.c.obj)
                0x000000000001323c                z_thread_prio_set
 .text.z_reschedule
                0x00000000000133c0       0x90 zephyr/kernel/libkernel.a(sched.c.obj)
                0x00000000000133c0                z_reschedule
 .text.z_reschedule_irqlock
                0x0000000000013450       0x2c zephyr/kernel/libkernel.a(sched.c.obj)
                0x0000000000013450                z_reschedule_irqlock
 .text.k_sched_lock
                0x000000000001347c       0x98 zephyr/kernel/libkernel.a(sched.c.obj)
                0x000000000001347c                k_sched_lock
 .text.k_sched_unlock
                0x0000000000013514      0x168 zephyr/kernel/libkernel.a(sched.c.obj)
                0x0000000000013514                k_sched_unlock
 .text.z_sched_init
                0x000000000001367c       0x10 zephyr/kernel/libkernel.a(sched.c.obj)
                0x000000000001367c                z_sched_init
 .text.z_impl_k_thread_priority_set
                0x000000000001368c       0x60 zephyr/kernel/libkernel.a(sched.c.obj)
                0x000000000001368c                z_impl_k_thread_priority_set
 .text.z_impl_k_yield
                0x00000000000136ec      0x144 zephyr/kernel/libkernel.a(sched.c.obj)
                0x00000000000136ec                z_impl_k_yield
 .text.z_tick_sleep
                0x0000000000013830      0x13c zephyr/kernel/libkernel.a(sched.c.obj)
 .text.z_impl_k_sleep
                0x000000000001396c       0x8c zephyr/kernel/libkernel.a(sched.c.obj)
                0x000000000001396c                z_impl_k_sleep
 .text.z_impl_k_usleep
                0x00000000000139f8       0x78 zephyr/kernel/libkernel.a(sched.c.obj)
                0x00000000000139f8                z_impl_k_usleep
 .text.z_impl_k_wakeup
                0x0000000000013a70       0xec zephyr/kernel/libkernel.a(sched.c.obj)
                0x0000000000013a70                z_impl_k_wakeup
 .text.z_impl_k_sched_current_thread_query
                0x0000000000013b5c        0xc zephyr/kernel/libkernel.a(sched.c.obj)
                0x0000000000013b5c                z_impl_k_sched_current_thread_query
 .text.z_thread_abort
                0x0000000000013b68      0x2d0 zephyr/kernel/libkernel.a(sched.c.obj)
                0x0000000000013b68                z_thread_abort
 .text.z_sched_wake
                0x0000000000013e38       0xd0 zephyr/kernel/libkernel.a(sched.c.obj)
                0x0000000000013e38                z_sched_wake
 .text.z_sched_wait
                0x0000000000013f08       0x28 zephyr/kernel/libkernel.a(sched.c.obj)
                0x0000000000013f08                z_sched_wait
 .text.slice_timeout
                0x0000000000013f30       0x6c zephyr/kernel/libkernel.a(timeslicing.c.obj)
 .text.thread_is_sliceable
                0x0000000000013f9c       0x4c zephyr/kernel/libkernel.a(timeslicing.c.obj)
                0x0000000000013f9c                thread_is_sliceable
 .text.z_reset_time_slice
                0x0000000000013fe8       0x50 zephyr/kernel/libkernel.a(timeslicing.c.obj)
                0x0000000000013fe8                z_reset_time_slice
 .text.z_time_slice
                0x0000000000014038      0x10c zephyr/kernel/libkernel.a(timeslicing.c.obj)
                0x0000000000014038                z_time_slice
 .text.z_spin_lock_valid
                0x0000000000014144       0x20 zephyr/kernel/libkernel.a(spinlock_validate.c.obj)
                0x0000000000014144                z_spin_lock_valid
 .text.z_spin_unlock_valid
                0x0000000000014164       0x34 zephyr/kernel/libkernel.a(spinlock_validate.c.obj)
                0x0000000000014164                z_spin_unlock_valid
 .text.z_spin_lock_set_owner
                0x0000000000014198       0x10 zephyr/kernel/libkernel.a(spinlock_validate.c.obj)
                0x0000000000014198                z_spin_lock_set_owner
 .text.z_thread_monitor_exit
                0x00000000000141a8       0xbc zephyr/kernel/libkernel.a(thread_monitor.c.obj)
                0x00000000000141a8                z_thread_monitor_exit
 .text.k_thread_foreach_unlocked
                0x0000000000014264      0x150 zephyr/kernel/libkernel.a(thread_monitor.c.obj)
                0x0000000000014264                k_thread_foreach_unlocked
 .text.z_data_copy
                0x00000000000143b4       0x34 zephyr/kernel/libkernel.a(xip.c.obj)
                0x00000000000143b4                z_data_copy
 .text.first    0x00000000000143e8       0x14 zephyr/kernel/libkernel.a(timeout.c.obj)
 .text.next     0x00000000000143fc       0x18 zephyr/kernel/libkernel.a(timeout.c.obj)
 .text.elapsed  0x0000000000014414       0x18 zephyr/kernel/libkernel.a(timeout.c.obj)
 .text.z_add_timeout
                0x000000000001442c      0x1a8 zephyr/kernel/libkernel.a(timeout.c.obj)
                0x000000000001442c                z_add_timeout
 .text.z_abort_timeout
                0x00000000000145d4       0xc8 zephyr/kernel/libkernel.a(timeout.c.obj)
                0x00000000000145d4                z_abort_timeout
 .text.sys_clock_announce
                0x000000000001469c      0x190 zephyr/kernel/libkernel.a(timeout.c.obj)
                0x000000000001469c                sys_clock_announce
 .text.sys_clock_tick_get
                0x000000000001482c       0xb0 zephyr/kernel/libkernel.a(timeout.c.obj)
                0x000000000001482c                sys_clock_tick_get
 .text.z_timer_expiration_handler
                0x00000000000148dc      0x220 zephyr/kernel/libkernel.a(timer.c.obj)