C:/ncs/v3.0.2/zephyr/include/zephyr/drivers/spi.h:889:19:spi_write_dt	8	static
C:/ncs/v3.0.2/zephyr/drivers/led_strip/ws2812_spi.c:50:37:dev_cfg	0	static
C:/ncs/v3.0.2/zephyr/drivers/led_strip/ws2812_spi.c:137:15:ws2812_strip_length	8	static
C:/ncs/v3.0.2/zephyr/drivers/led_strip/ws2812_spi.c:78:12:ws2812_strip_update_rgb	40	static
C:/ncs/v3.0.2/zephyr/include/zephyr/drivers/spi.h:738:20:spi_is_ready_dt	8	static
C:/ncs/v3.0.2/zephyr/drivers/led_strip/ws2812_spi.c:144:12:ws2812_spi_init	88	dynamic,bounded
