C:/ncs/v3.0.2/modules/hal/nordic/nrfx/hal/nrf_saadc.h:1178:24:nrf_saadc_channel_init	0	static
C:/ncs/v3.0.2/zephyr/include/zephyr/pm/device.h:716:19:pm_device_driver_init	16	static
C:/ncs/v3.0.2/zephyr/drivers/adc/adc_nrfx_saadc.c:117:17:samples_to_bytes	0	static
C:/ncs/v3.0.2/zephyr/drivers/adc/adc_nrfx_saadc.c:127:12:adc_convert_acq_time	0	static
C:/ncs/v3.0.2/zephyr/drivers/adc/adc_nrfx_saadc.c:180:12:saadc_pm_hook	0	static
C:/ncs/v3.0.2/zephyr/drivers/adc/adc_nrfx_saadc.c:350:13:adc_context_start_sampling	0	static
C:/ncs/v3.0.2/zephyr/drivers/adc/adc_nrfx_saadc.c:367:13:adc_context_update_buffer_pointer	16	static
C:/ncs/v3.0.2/zephyr/drivers/adc/adc_nrfx_saadc.c:481:13:has_single_ended	0	static
C:/ncs/v3.0.2/zephyr/drivers/adc/adc_nrfx_saadc.c:486:13:correct_single_ended	4	static
C:/ncs/v3.0.2/zephyr/drivers/adc/adc_context.h:101:20:adc_context_request_next_sampling	8	static
C:/ncs/v3.0.2/zephyr/drivers/adc/adc_context.h:128:13:adc_context_on_timer_expired	8	static
C:/ncs/v3.0.2/zephyr/drivers/adc/adc_context.h:137:20:adc_context_lock	8	static
C:/ncs/v3.0.2/zephyr/drivers/adc/adc_context.h:167:19:adc_context_wait_for_completion	8	static
C:/ncs/v3.0.2/zephyr/drivers/adc/adc_nrfx_saadc.c:201:12:adc_nrfx_channel_setup	32	static
C:/ncs/v3.0.2/zephyr/drivers/adc/adc_nrfx_saadc.c:385:12:set_resolution	8	static
C:/ncs/v3.0.2/zephyr/drivers/adc/adc_nrfx_saadc.c:412:12:set_oversampling	8	static
C:/ncs/v3.0.2/zephyr/drivers/adc/adc_nrfx_saadc.c:461:12:check_buffer_size	16	static
C:/ncs/v3.0.2/zephyr/drivers/adc/adc_context.h:118:20:adc_context_enable_timer	16	static
C:/ncs/v3.0.2/zephyr/drivers/adc/adc_context.h:212:20:adc_context_start_read	16	static
C:/ncs/v3.0.2/zephyr/drivers/adc/adc_nrfx_saadc.c:506:12:start_read	24	static
C:/ncs/v3.0.2/zephyr/drivers/adc/adc_nrfx_saadc.c:625:12:adc_nrfx_read	16	static
C:/ncs/v3.0.2/zephyr/drivers/adc/adc_context.h:160:20:adc_context_unlock_unconditionally	8	static
C:/ncs/v3.0.2/zephyr/drivers/adc/adc_nrfx_saadc.c:691:12:init_saadc	16	static
C:/ncs/v3.0.2/zephyr/drivers/adc/adc_context.h:238:20:adc_context_on_sampling_done	8	static
C:/ncs/v3.0.2/zephyr/drivers/adc/adc_nrfx_saadc.c:653:13:saadc_irq_handler	8	static
