C:/ncs/v3.0.2/zephyr/include/zephyr/pm/device.h:716:19:pm_device_driver_init	16	static
C:/ncs/v3.0.2/modules/hal/nordic/nrfx/hal/nrf_gpio.h:1501:24:nrf_gpio_pin_present_check	0	static
C:/ncs/v3.0.2/zephyr/drivers/spi/spi_context.h:271:21:spi_context_get_next_buf	8	static
C:/ncs/v3.0.2/zephyr/drivers/spi/spi_context.h:291:6:spi_context_buffers_setup	16	static
C:/ncs/v3.0.2/zephyr/drivers/spi/spi_nrfx_spim.c:165:24:get_nrf_spim_frequency	0	static
C:/ncs/v3.0.2/zephyr/include/zephyr/drivers/gpio.h:1628:19:gpio_pin_set_raw	8	static
C:/ncs/v3.0.2/zephyr/include/zephyr/drivers/gpio.h:1668:19:gpio_pin_set	16	static
C:/ncs/v3.0.2/zephyr/drivers/spi/spi_context.h:236:20:_spi_context_cs_control	8	static
C:/ncs/v3.0.2/zephyr/drivers/spi/spi_nrfx_spim.c:144:20:finalize_spi_transaction	8	static
C:/ncs/v3.0.2/modules/hal/nordic/nrfx/hal/nrf_gpio.h:942:35:nrf_gpio_pin_port_decode	16	static
C:/ncs/v3.0.2/modules/hal/nordic/nrfx/hal/nrf_gpio.h:1179:24:nrf_gpio_pin_clear	16	static
C:/ncs/v3.0.2/modules/hal/nordic/nrfx/hal/nrf_gpio.h:1171:24:nrf_gpio_pin_set	16	static
C:/ncs/v3.0.2/modules/hal/nordic/nrfx/hal/nrf_gpio.h:1197:24:nrf_gpio_pin_write	8	static
C:/ncs/v3.0.2/zephyr/include/zephyr/drivers/gpio.h:976:19:z_impl_gpio_pin_configure	24	static
C:/ncs/v3.0.2/zephyr/include/zephyr/drivers/gpio.h:1044:19:gpio_pin_configure_dt	8	static
C:/ncs/v3.0.2/zephyr/drivers/spi/spi_context.h:260:20:spi_context_unlock_unconditionally	8	static
C:/ncs/v3.0.2/zephyr/drivers/spi/spi_nrfx_spim.c:622:12:spi_nrfx_release	8	static
C:/ncs/v3.0.2/zephyr/drivers/spi/spi_nrfx_spim.c:386:13:finish_transaction	16	static
C:/ncs/v3.0.2/zephyr/drivers/spi/spi_context.h:111:20:spi_context_release	8	static
C:/ncs/v3.0.2/zephyr/drivers/spi/spi_context.h:89:20:spi_context_lock	16	static
C:/ncs/v3.0.2/zephyr/drivers/spi/spi_context.h:135:19:spi_context_wait_for_completion	16	static
C:/ncs/v3.0.2/zephyr/drivers/spi/spi_nrfx_spim.c:216:12:configure	112	dynamic,bounded
C:/ncs/v3.0.2/zephyr/drivers/spi/spi_nrfx_spim.c:399:13:transfer_next_chunk	40	static
C:/ncs/v3.0.2/zephyr/drivers/spi/spi_nrfx_spim.c:479:13:event_handler	8	static
C:/ncs/v3.0.2/zephyr/drivers/spi/spi_nrfx_spim.c:520:12:transceive	40	static
C:/ncs/v3.0.2/zephyr/drivers/spi/spi_nrfx_spim.c:602:12:spi_nrfx_transceive	24	static
C:/ncs/v3.0.2/zephyr/drivers/spi/spi_nrfx_spim.c:876:1:irq_connect4	8	static
C:/ncs/v3.0.2/zephyr/include/zephyr/drivers/pinctrl.h:344:19:pinctrl_apply_state	16	static
C:/ncs/v3.0.2/zephyr/drivers/spi/spi_nrfx_spim.c:652:12:spim_resume	8	static
C:/ncs/v3.0.2/zephyr/drivers/spi/spi_nrfx_spim.c:689:12:spim_nrfx_pm_action	8	static
C:/ncs/v3.0.2/zephyr/drivers/spi/spi_context.h:215:19:spi_context_cs_configure_all	72	dynamic,bounded
C:/ncs/v3.0.2/zephyr/drivers/spi/spi_nrfx_spim.c:702:12:spi_nrfx_init	24	static
