C:/Stethy18.00/app/src/drivers/at_master/at_btm.c:70:6:BTM_HandleAckEvent	0	static
C:/Stethy18.00/app/src/drivers/at_master/at_btm.c:76:6:BTM_HandleReadyEvent	0	static
C:/Stethy18.00/app/src/drivers/at_master/at_btm.c:82:6:BTM_HandleConnectedEvent	0	static
C:/Stethy18.00/app/src/drivers/at_master/at_btm.c:88:6:BTM_HandleDisconnectedEvent	0	static
C:/Stethy18.00/app/src/drivers/at_master/at_btm.c:94:6:BTM_HandleVolumeEvent	0	static
C:/Stethy18.00/app/src/drivers/at_master/at_btm.c:100:6:BTM_HandlePowerOnEvent	0	static
C:/Stethy18.00/app/src/drivers/at_master/at_btm.c:106:6:BTM_HandlePowerOffEvent	0	static
C:/Stethy18.00/app/src/drivers/at_master/at_btm.c:112:6:BTM_HandlePairedEvent	0	static
C:/Stethy18.00/app/src/drivers/at_master/at_btm.c:124:6:BTM_HandleScanEvent	0	static
C:/Stethy18.00/app/src/drivers/at_master/at_btm.c:130:6:BTM_HandleFilterEvent	0	static
C:/Stethy18.00/app/src/drivers/at_master/at_btm.c:136:6:BTM_HandleAudioEvent	0	static
C:/Stethy18.00/app/src/drivers/at_master/at_btm.c:142:6:BTM_HandleUnknownEvent	0	static
C:/Stethy18.00/app/src/drivers/at_master/at_btm.c:148:6:BTM_HandleBootEvent	0	static
C:/Stethy18.00/app/src/drivers/at_master/at_btm.c:50:5:ATM_BtmInit	8	static
C:/Stethy18.00/app/src/drivers/at_master/at_btm.c:62:6:BTM_SendConnectCommand	0	static
