C:/Stethy18.00/app/src/drivers/at_master/at_dsp.c:53:6:ADC_HandleStart	0	static
C:/Stethy18.00/app/src/drivers/at_master/at_dsp.c:63:6:ADC_HandleAck	0	static
C:/Stethy18.00/app/src/drivers/at_master/at_dsp.c:69:6:ADC_HandleReady	0	static
C:/Stethy18.00/app/src/drivers/at_master/at_dsp.c:75:6:ADC_HandleVolume	0	static
C:/Stethy18.00/app/src/drivers/at_master/at_dsp.c:83:6:ADC_HandleMute	0	static
C:/Stethy18.00/app/src/drivers/at_master/at_dsp.c:89:6:ADC_HandlePower	0	static
C:/Stethy18.00/app/src/drivers/at_master/at_dsp.c:95:6:ADC_HandleFilter	0	static
C:/Stethy18.00/app/src/drivers/at_master/at_dsp.c:101:6:ADC_HandleAudio	0	static
C:/Stethy18.00/app/src/drivers/at_master/at_dsp.c:107:6:ADC_HandleBoot	0	static
C:/Stethy18.00/app/src/drivers/at_master/at_dsp.c:113:6:ADC_HandleStatus	0	static
C:/Stethy18.00/app/src/drivers/at_master/at_dsp.c:125:6:ADC_HandleError	0	static
C:/Stethy18.00/app/src/drivers/at_master/at_dsp.c:131:6:ADC_HandleUnknown	0	static
C:/Stethy18.00/app/src/drivers/at_master/at_dsp.c:41:5:ATM_DspInit	8	static
