C:/ncs/v3.0.2/zephyr/subsys/zbus/zbus.c:55:5:_zbus_init	8	static
C:/ncs/v3.0.2/zephyr/include/zephyr/zbus/zbus.h:700:21:zbus_chan_msg	8	static
C:/ncs/v3.0.2/zephyr/include/zephyr/zbus/zbus.h:737:24:zbus_chan_msg_size	8	static
C:/ncs/v3.0.2/zephyr/subsys/zbus/zbus.c:242:20:chan_update_hop	24	static
C:/ncs/v3.0.2/zephyr/subsys/zbus/zbus.c:272:20:update_all_channels_hop	16	static
C:/ncs/v3.0.2/zephyr/subsys/zbus/zbus.c:323:19:chan_lock	48	static
C:/ncs/v3.0.2/zephyr/subsys/zbus/zbus.c:125:19:_zbus_notify_observer	24	static
C:/ncs/v3.0.2/zephyr/subsys/zbus/zbus.c:157:19:_zbus_vded_exec	120	dynamic,bounded
C:/ncs/v3.0.2/zephyr/subsys/zbus/zbus.c:363:20:chan_unlock	8	static
C:/ncs/v3.0.2/zephyr/subsys/zbus/zbus.c:283:5:zbus_obs_attach_to_thread	24	static
C:/ncs/v3.0.2/zephyr/subsys/zbus/zbus.c:301:5:zbus_obs_detach_from_thread	16	static
C:/ncs/v3.0.2/zephyr/subsys/zbus/zbus.c:377:5:zbus_chan_pub	56	static
C:/ncs/v3.0.2/zephyr/subsys/zbus/zbus.c:415:5:zbus_chan_read	24	static
C:/ncs/v3.0.2/zephyr/subsys/zbus/zbus.c:436:5:zbus_chan_notify	48	static
C:/ncs/v3.0.2/zephyr/subsys/zbus/zbus.c:462:5:zbus_chan_claim	16	static
C:/ncs/v3.0.2/zephyr/subsys/zbus/zbus.c:479:5:zbus_chan_finish	8	static
C:/ncs/v3.0.2/zephyr/subsys/zbus/zbus.c:488:5:zbus_sub_wait	24	static
C:/ncs/v3.0.2/zephyr/subsys/zbus/zbus.c:502:5:zbus_sub_wait_msg	24	static
C:/ncs/v3.0.2/zephyr/subsys/zbus/zbus.c:530:5:zbus_obs_set_chan_notification_mask	40	static
C:/ncs/v3.0.2/zephyr/subsys/zbus/zbus.c:567:5:zbus_obs_is_chan_notification_masked	32	static
C:/ncs/v3.0.2/zephyr/subsys/zbus/zbus.c:600:5:zbus_obs_set_enable	24	static
