C:/ncs/v3.0.2/zephyr/lib/libc/picolibc/locks.c:29:6:__retarget_lock_init_recursive	8	static
C:/ncs/v3.0.2/zephyr/lib/libc/picolibc/locks.c:45:6:__retarget_lock_init	8	static
C:/ncs/v3.0.2/zephyr/lib/libc/picolibc/locks.c:51:6:__retarget_lock_close_recursive	8	static
C:/ncs/v3.0.2/zephyr/lib/libc/picolibc/locks.c:62:6:__retarget_lock_close	8	static
C:/ncs/v3.0.2/zephyr/lib/libc/picolibc/locks.c:68:6:__retarget_lock_acquire_recursive	8	static
C:/ncs/v3.0.2/zephyr/lib/libc/picolibc/locks.c:75:6:__retarget_lock_acquire	8	static
C:/ncs/v3.0.2/zephyr/lib/libc/picolibc/locks.c:81:5:__retarget_lock_try_acquire_recursive	8	static
C:/ncs/v3.0.2/zephyr/lib/libc/picolibc/locks.c:88:5:__retarget_lock_try_acquire	8	static
C:/ncs/v3.0.2/zephyr/lib/libc/picolibc/locks.c:94:6:__retarget_lock_release_recursive	8	static
C:/ncs/v3.0.2/zephyr/lib/libc/picolibc/locks.c:101:6:__retarget_lock_release	8	static
