C:/ncs/v3.0.2/modules/hal/nordic/nrfx/haly/nrfy_twim.h:701:10:__nrfy_internal_twim_events_process	0	static
C:/ncs/v3.0.2/modules/hal/nordic/nrfx/haly/nrfy_twim.h:293:25:nrfy_twim_rx_start	16	static
C:/ncs/v3.0.2/modules/hal/nordic/nrfx/haly/nrfy_twim.h:220:25:nrfy_twim_tx_start	16	static
C:/ncs/v3.0.2/modules/hal/nordic/nrfx/hal/nrf_gpio.h:1501:24:nrf_gpio_pin_present_check	0	static
C:/ncs/v3.0.2/modules/hal/nordic/nrfx/drivers/src/nrfx_twim.c:119:19:twi_process_error	0	static
C:/ncs/v3.0.2/modules/hal/nordic/nrfx/drivers/src/nrfx_twim.c:141:13:xfer_completeness_check	0	static
C:/ncs/v3.0.2/modules/hal/nordic/nrfx/hal/nrf_gpio.h:942:35:nrf_gpio_pin_port_decode	16	static
C:/ncs/v3.0.2/modules/hal/nordic/nrfx/hal/nrf_gpio.h:979:24:nrf_gpio_cfg	32	static
C:/ncs/v3.0.2/modules/hal/nordic/nrfx/hal/nrf_gpio.h:1103:24:nrf_gpio_cfg_default	16	static
C:/ncs/v3.0.2/modules/hal/nordic/nrfx/drivers/src/nrfx_twim.c:224:13:pins_configure	24	static
C:/ncs/v3.0.2/modules/hal/nordic/nrfx/drivers/src/nrfx_twim.c:477:19:twim_xfer	24	static
C:/ncs/v3.0.2/modules/hal/nordic/nrfx/drivers/src/nrfx_twim.c:738:13:irq_handler	48	static
C:/ncs/v3.0.2/modules/hal/nordic/nrfx/drivers/src/nrfx_twim.c:196:13:twim_configure	32	static
C:/ncs/v3.0.2/modules/hal/nordic/nrfx/drivers/src/nrfx_twim.c:278:12:nrfx_twim_init	24	static
C:/ncs/v3.0.2/modules/hal/nordic/nrfx/drivers/src/nrfx_twim.c:348:12:nrfx_twim_reconfigure	16	static
C:/ncs/v3.0.2/modules/hal/nordic/nrfx/drivers/src/nrfx_twim.c:378:6:nrfx_twim_callback_get	0	static
C:/ncs/v3.0.2/modules/hal/nordic/nrfx/drivers/src/nrfx_twim.c:388:12:nrfx_twim_callback_set	16	static
C:/ncs/v3.0.2/modules/hal/nordic/nrfx/drivers/src/nrfx_twim.c:440:6:nrfx_twim_init_check	0	static
C:/ncs/v3.0.2/modules/hal/nordic/nrfx/drivers/src/nrfx_twim.c:447:6:nrfx_twim_enable	8	static
C:/ncs/v3.0.2/modules/hal/nordic/nrfx/drivers/src/nrfx_twim.c:458:6:nrfx_twim_disable	16	static
C:/ncs/v3.0.2/modules/hal/nordic/nrfx/drivers/src/nrfx_twim.c:414:6:nrfx_twim_uninit	24	static
C:/ncs/v3.0.2/modules/hal/nordic/nrfx/drivers/src/nrfx_twim.c:471:6:nrfx_twim_is_busy	0	static
C:/ncs/v3.0.2/modules/hal/nordic/nrfx/drivers/src/nrfx_twim.c:690:12:nrfx_twim_xfer	8	static
C:/ncs/v3.0.2/modules/hal/nordic/nrfx/drivers/src/nrfx_twim.c:722:10:nrfx_twim_start_task_address_get	8	static
C:/ncs/v3.0.2/modules/hal/nordic/nrfx/drivers/src/nrfx_twim.c:731:10:nrfx_twim_stopped_event_address_get	8	static
C:/ncs/v3.0.2/modules/hal/nordic/nrfx/drivers/src/nrfx_twim.c:934:1:nrfx_twim_1_irq_handler	8	static
C:/ncs/v3.0.2/modules/hal/nordic/nrfx/drivers/src/nrfx_twim.c:934:1:nrfx_twim_2_irq_handler	8	static
